<?xml version="1.0" encoding="ISO-8859-1" ?>
<link_info>
   <banner>TMS320C2000 Linker PC v25.11.0.LTS</banner>
   <copyright>Copyright (c) 1996-2018 Texas Instruments Incorporated</copyright>
   <command_line>C:\ti\ccs2050\ccs\tools\compiler\ti-cgt-c2000_25.11.0.LTS\bin\lnk2000.exe -lC:\\Users\\filip\\AppData\\Local\\Temp\\{9355B8EB-C27D-4884-B828-BABC05788153}</command_line>
   <link_time>0x6a32fbce</link_time>
   <link_errors>0x0</link_errors>
   <output_file>G:\Meu Drive\UFJF\Doutorado\2026.1\Codigos_TSeISEpEP\trabalho_2\trabalho_2_hil\CPU1_RAM\trabalho_2_hil.out</output_file>
   <entry_point>
      <name>code_start</name>
      <address>0x0</address>
   </entry_point>
   <input_file_list>
      <input_file id="fl-2">
         <path>G:\Meu Drive\UFJF\Doutorado\2026.1\Codigos_TSeISEpEP\trabalho_2\trabalho_2_hil\CPU1_RAM\.\</path>
         <kind>object</kind>
         <file>main.obj</file>
         <name>main.obj</name>
      </input_file>
      <input_file id="fl-3">
         <path>G:\Meu Drive\UFJF\Doutorado\2026.1\Codigos_TSeISEpEP\trabalho_2\trabalho_2_hil\CPU1_RAM\.\</path>
         <kind>object</kind>
         <file>tasks.obj</file>
         <name>tasks.obj</name>
      </input_file>
      <input_file id="fl-4">
         <path>G:\Meu Drive\UFJF\Doutorado\2026.1\Codigos_TSeISEpEP\trabalho_2\trabalho_2_hil\CPU1_RAM\.\syscfg\</path>
         <kind>object</kind>
         <file>board.obj</file>
         <name>board.obj</name>
      </input_file>
      <input_file id="fl-5">
         <path>G:\Meu Drive\UFJF\Doutorado\2026.1\Codigos_TSeISEpEP\trabalho_2\trabalho_2_hil\CPU1_RAM\.\syscfg\</path>
         <kind>object</kind>
         <file>c2000ware_libraries.obj</file>
         <name>c2000ware_libraries.obj</name>
      </input_file>
      <input_file id="fl-6">
         <path>G:\Meu Drive\UFJF\Doutorado\2026.1\Codigos_TSeISEpEP\trabalho_2\trabalho_2_hil\CPU1_RAM\.\device\</path>
         <kind>object</kind>
         <file>F2837xD_CodeStartBranch.obj</file>
         <name>F2837xD_CodeStartBranch.obj</name>
      </input_file>
      <input_file id="fl-7">
         <path>G:\Meu Drive\UFJF\Doutorado\2026.1\Codigos_TSeISEpEP\trabalho_2\trabalho_2_hil\CPU1_RAM\.\device\</path>
         <kind>object</kind>
         <file>device.obj</file>
         <name>device.obj</name>
      </input_file>
      <input_file id="fl-8">
         <path>G:\Meu Drive\UFJF\Doutorado\2026.1\Codigos_TSeISEpEP\trabalho_2\trabalho_2_hil\CPU1_RAM\.\src\</path>
         <kind>object</kind>
         <file>scicomm.obj</file>
         <name>scicomm.obj</name>
      </input_file>
      <input_file id="fl-e">
         <path>G:\Meu Drive\UFJF\Doutorado\2026.1\Codigos_TSeISEpEP\trabalho_2\trabalho_2_hil\CPU1_RAM\</path>
         <kind>object</kind>
         <file>&lt;internal&gt;</file>
         <name>&lt;internal&gt;</name>
      </input_file>
      <input_file id="fl-12">
         <path>C:\ti\C2000Ware_26_00_00_00\driverlib\f2837xd\driverlib\ccs\Debug\</path>
         <kind>archive</kind>
         <file>driverlib_eabi.lib</file>
         <name>cla.obj</name>
      </input_file>
      <input_file id="fl-13">
         <path>C:\ti\C2000Ware_26_00_00_00\driverlib\f2837xd\driverlib\ccs\Debug\</path>
         <kind>archive</kind>
         <file>driverlib_eabi.lib</file>
         <name>cputimer.obj</name>
      </input_file>
      <input_file id="fl-14">
         <path>C:\ti\C2000Ware_26_00_00_00\driverlib\f2837xd\driverlib\ccs\Debug\</path>
         <kind>archive</kind>
         <file>driverlib_eabi.lib</file>
         <name>gpio.obj</name>
      </input_file>
      <input_file id="fl-15">
         <path>C:\ti\C2000Ware_26_00_00_00\driverlib\f2837xd\driverlib\ccs\Debug\</path>
         <kind>archive</kind>
         <file>driverlib_eabi.lib</file>
         <name>interrupt.obj</name>
      </input_file>
      <input_file id="fl-16">
         <path>C:\ti\C2000Ware_26_00_00_00\driverlib\f2837xd\driverlib\ccs\Debug\</path>
         <kind>archive</kind>
         <file>driverlib_eabi.lib</file>
         <name>memcfg.obj</name>
      </input_file>
      <input_file id="fl-17">
         <path>C:\ti\C2000Ware_26_00_00_00\driverlib\f2837xd\driverlib\ccs\Debug\</path>
         <kind>archive</kind>
         <file>driverlib_eabi.lib</file>
         <name>sci.obj</name>
      </input_file>
      <input_file id="fl-18">
         <path>C:\ti\C2000Ware_26_00_00_00\driverlib\f2837xd\driverlib\ccs\Debug\</path>
         <kind>archive</kind>
         <file>driverlib_eabi.lib</file>
         <name>sysctl.obj</name>
      </input_file>
      <input_file id="fl-24">
         <path>C:\ti\ccs2050\ccs\tools\compiler\ti-cgt-c2000_25.11.0.LTS\lib\</path>
         <kind>archive</kind>
         <file>rts2800_fpu32_eabi.lib</file>
         <name>boot28.asm.obj</name>
      </input_file>
      <input_file id="fl-25">
         <path>C:\ti\ccs2050\ccs\tools\compiler\ti-cgt-c2000_25.11.0.LTS\lib\</path>
         <kind>archive</kind>
         <file>rts2800_fpu32_eabi.lib</file>
         <name>fs_div28.asm.obj</name>
      </input_file>
      <input_file id="fl-26">
         <path>C:\ti\ccs2050\ccs\tools\compiler\ti-cgt-c2000_25.11.0.LTS\lib\</path>
         <kind>archive</kind>
         <file>rts2800_fpu32_eabi.lib</file>
         <name>ll_cmp28.asm.obj</name>
      </input_file>
      <input_file id="fl-27">
         <path>C:\ti\ccs2050\ccs\tools\compiler\ti-cgt-c2000_25.11.0.LTS\lib\</path>
         <kind>archive</kind>
         <file>rts2800_fpu32_eabi.lib</file>
         <name>u_div28.asm.obj</name>
      </input_file>
      <input_file id="fl-28">
         <path>C:\ti\ccs2050\ccs\tools\compiler\ti-cgt-c2000_25.11.0.LTS\lib\</path>
         <kind>archive</kind>
         <file>rts2800_fpu32_eabi.lib</file>
         <name>pre_init.c.obj</name>
      </input_file>
      <input_file id="fl-29">
         <path>C:\ti\ccs2050\ccs\tools\compiler\ti-cgt-c2000_25.11.0.LTS\lib\</path>
         <kind>archive</kind>
         <file>rts2800_fpu32_eabi.lib</file>
         <name>autoinit.c.obj</name>
      </input_file>
      <input_file id="fl-2a">
         <path>C:\ti\ccs2050\ccs\tools\compiler\ti-cgt-c2000_25.11.0.LTS\lib\</path>
         <kind>archive</kind>
         <file>rts2800_fpu32_eabi.lib</file>
         <name>copy_zero_init.c.obj</name>
      </input_file>
      <input_file id="fl-2b">
         <path>C:\ti\ccs2050\ccs\tools\compiler\ti-cgt-c2000_25.11.0.LTS\lib\</path>
         <kind>archive</kind>
         <file>rts2800_fpu32_eabi.lib</file>
         <name>copy_decompress_none.c.obj</name>
      </input_file>
      <input_file id="fl-2c">
         <path>C:\ti\ccs2050\ccs\tools\compiler\ti-cgt-c2000_25.11.0.LTS\lib\</path>
         <kind>archive</kind>
         <file>rts2800_fpu32_eabi.lib</file>
         <name>copy_decompress_lzss.c.obj</name>
      </input_file>
      <input_file id="fl-2d">
         <path>C:\ti\ccs2050\ccs\tools\compiler\ti-cgt-c2000_25.11.0.LTS\lib\</path>
         <kind>archive</kind>
         <file>rts2800_fpu32_eabi.lib</file>
         <name>exit.c.obj</name>
      </input_file>
      <input_file id="fl-2e">
         <path>C:\ti\ccs2050\ccs\tools\compiler\ti-cgt-c2000_25.11.0.LTS\lib\</path>
         <kind>archive</kind>
         <file>rts2800_fpu32_eabi.lib</file>
         <name>_lock.c.obj</name>
      </input_file>
      <input_file id="fl-2f">
         <path>C:\ti\ccs2050\ccs\tools\compiler\ti-cgt-c2000_25.11.0.LTS\lib\</path>
         <kind>archive</kind>
         <file>rts2800_fpu32_eabi.lib</file>
         <name>args_main.c.obj</name>
      </input_file>
      <input_file id="fl-30">
         <path>C:\ti\ccs2050\ccs\tools\compiler\ti-cgt-c2000_25.11.0.LTS\lib\</path>
         <kind>archive</kind>
         <file>rts2800_fpu32_eabi.lib</file>
         <name>memset.c.obj</name>
      </input_file>
      <input_file id="fl-31">
         <path>C:\ti\ccs2050\ccs\tools\compiler\ti-cgt-c2000_25.11.0.LTS\lib\</path>
         <kind>archive</kind>
         <file>rts2800_fpu32_eabi.lib</file>
         <name>cpy_tbl.c.obj</name>
      </input_file>
      <input_file id="fl-32">
         <path>C:\ti\ccs2050\ccs\tools\compiler\ti-cgt-c2000_25.11.0.LTS\lib\</path>
         <kind>archive</kind>
         <file>rts2800_fpu32_eabi.lib</file>
         <name>memcpy.c.obj</name>
      </input_file>
      <input_file id="fl-33">
         <path>C:\ti\ccs2050\ccs\tools\compiler\ti-cgt-c2000_25.11.0.LTS\lib\</path>
         <kind>archive</kind>
         <file>rts2800_fpu32_eabi.lib</file>
         <name>startup.c.obj</name>
      </input_file>
      <input_file id="fl-34">
         <path>C:\ti\C2000Ware_26_00_00_00\libraries\math\CLAmath\c28\lib\</path>
         <kind>archive</kind>
         <file>cla1_math_library_fpu32_eabi.lib</file>
         <name>CLAsin.obj</name>
      </input_file>
      <input_file id="fl-35">
         <path>C:\ti\C2000Ware_26_00_00_00\libraries\math\CLAmath\c28\lib\</path>
         <kind>archive</kind>
         <file>cla1_math_library_fpu32_eabi.lib</file>
         <name>CLAsincosTable.obj</name>
      </input_file>
   </input_file_list>
   <object_component_list>
      <object_component id="oc-2f">
         <name>codestart</name>
         <load_address>0x0</load_address>
         <readonly>true</readonly>
         <executable>true</executable>
         <run_address>0x0</run_address>
         <size>0x2</size>
         <alignment>0x1</alignment>
         <input_file_ref idref="fl-6"/>
      </object_component>
      <object_component id="oc-2b5">
         <name>.text:SysCtl_setClock</name>
         <load_address>0xf000</load_address>
         <readonly>true</readonly>
         <executable>true</executable>
         <run_address>0xf000</run_address>
         <size>0x209</size>
         <alignment>0x1</alignment>
         <input_file_ref idref="fl-18"/>
      </object_component>
      <object_component id="oc-309">
         <name>.text:EPWM_init</name>
         <load_address>0xf209</load_address>
         <readonly>true</readonly>
         <executable>true</executable>
         <run_address>0xf209</run_address>
         <size>0x1b4</size>
         <alignment>0x1</alignment>
         <input_file_ref idref="fl-4"/>
      </object_component>
      <object_component id="oc-2f7">
         <name>.text:MEMCFG_init</name>
         <load_address>0xf3bd</load_address>
         <readonly>true</readonly>
         <executable>true</executable>
         <run_address>0xf3bd</run_address>
         <size>0x143</size>
         <alignment>0x1</alignment>
         <input_file_ref idref="fl-4"/>
      </object_component>
      <object_component id="oc-231">
         <name>.text:main</name>
         <load_address>0xf500</load_address>
         <readonly>true</readonly>
         <executable>true</executable>
         <run_address>0xf500</run_address>
         <size>0xfe</size>
         <alignment>0x1</alignment>
         <input_file_ref idref="fl-2"/>
      </object_component>
      <object_component id="oc-2d4">
         <name>.text:Device_enableAllPeripherals</name>
         <load_address>0xf5fe</load_address>
         <readonly>true</readonly>
         <executable>true</executable>
         <run_address>0xf5fe</run_address>
         <size>0xeb</size>
         <alignment>0x1</alignment>
         <input_file_ref idref="fl-7"/>
      </object_component>
      <object_component id="oc-4bc">
         <name>.text:SysCtl_selectXTAL</name>
         <load_address>0xf6e9</load_address>
         <readonly>true</readonly>
         <executable>true</executable>
         <run_address>0xf6e9</run_address>
         <size>0x90</size>
         <alignment>0x1</alignment>
         <input_file_ref idref="fl-18"/>
      </object_component>
      <object_component id="oc-3ce">
         <name>.text:MemCfg_setProtection</name>
         <load_address>0xf779</load_address>
         <readonly>true</readonly>
         <executable>true</executable>
         <run_address>0xf779</run_address>
         <size>0x8b</size>
         <alignment>0x1</alignment>
         <input_file_ref idref="fl-16"/>
      </object_component>
      <object_component id="oc-363">
         <name>.text</name>
         <load_address>0xf804</load_address>
         <readonly>true</readonly>
         <executable>true</executable>
         <run_address>0xf804</run_address>
         <size>0x88</size>
         <alignment>0x1</alignment>
         <input_file_ref idref="fl-25"/>
      </object_component>
      <object_component id="oc-46d">
         <name>.text:EPWM_setADCTriggerSource</name>
         <load_address>0xf88c</load_address>
         <readonly>true</readonly>
         <executable>true</executable>
         <run_address>0xf88c</run_address>
         <size>0x75</size>
         <alignment>0x1</alignment>
         <input_file_ref idref="fl-4"/>
      </object_component>
      <object_component id="oc-2df">
         <name>.text:PinMux_init</name>
         <load_address>0xf901</load_address>
         <readonly>true</readonly>
         <executable>true</executable>
         <run_address>0xf901</run_address>
         <size>0x6a</size>
         <alignment>0x1</alignment>
         <input_file_ref idref="fl-4"/>
      </object_component>
      <object_component id="oc-2a9">
         <name>.text:SysCtl_getDeviceParametric</name>
         <load_address>0xf96b</load_address>
         <readonly>true</readonly>
         <executable>true</executable>
         <run_address>0xf96b</run_address>
         <size>0x68</size>
         <alignment>0x1</alignment>
         <input_file_ref idref="fl-18"/>
      </object_component>
      <object_component id="oc-46">
         <name>.text:INT_myCPUTIMER0_ISR</name>
         <load_address>0xf9d3</load_address>
         <readonly>true</readonly>
         <executable>true</executable>
         <run_address>0xf9d3</run_address>
         <size>0x58</size>
         <alignment>0x1</alignment>
         <input_file_ref idref="fl-2"/>
      </object_component>
      <object_component id="oc-3a">
         <name>.text:INTERRUPT_init</name>
         <load_address>0xfa2b</load_address>
         <readonly>true</readonly>
         <executable>true</executable>
         <run_address>0xfa2b</run_address>
         <size>0x55</size>
         <alignment>0x1</alignment>
         <input_file_ref idref="fl-4"/>
      </object_component>
      <object_component id="oc-376">
         <name>.text:GPIO_setPadConfig</name>
         <load_address>0xfa80</load_address>
         <readonly>true</readonly>
         <executable>true</executable>
         <run_address>0xfa80</run_address>
         <size>0x52</size>
         <alignment>0x1</alignment>
         <input_file_ref idref="fl-14"/>
      </object_component>
      <object_component id="oc-2c1">
         <name>.text:SysCtl_getClock</name>
         <load_address>0xfad2</load_address>
         <readonly>true</readonly>
         <executable>true</executable>
         <run_address>0xfad2</run_address>
         <size>0x51</size>
         <alignment>0x1</alignment>
         <input_file_ref idref="fl-18"/>
      </object_component>
      <object_component id="oc-34">
         <name>.text:INT_SCI0_RX_ISR</name>
         <load_address>0xfb23</load_address>
         <readonly>true</readonly>
         <executable>true</executable>
         <run_address>0xfb23</run_address>
         <size>0x4c</size>
         <alignment>0x1</alignment>
         <input_file_ref idref="fl-2"/>
      </object_component>
      <object_component id="oc-356">
         <name>.text:SysCtl_selectOscSource</name>
         <load_address>0xfb6f</load_address>
         <readonly>true</readonly>
         <executable>true</executable>
         <run_address>0xfb6f</run_address>
         <size>0x48</size>
         <alignment>0x1</alignment>
         <input_file_ref idref="fl-18"/>
      </object_component>
      <object_component id="oc-b4">
         <name>.text:SCI_clearInterruptStatus</name>
         <load_address>0xfbb7</load_address>
         <readonly>true</readonly>
         <executable>true</executable>
         <run_address>0xfbb7</run_address>
         <size>0x45</size>
         <alignment>0x1</alignment>
         <input_file_ref idref="fl-17"/>
      </object_component>
      <object_component id="oc-582">
         <name>.text:SCI_enableInterrupt</name>
         <load_address>0xfbfc</load_address>
         <readonly>true</readonly>
         <executable>true</executable>
         <run_address>0xfbfc</run_address>
         <size>0x44</size>
         <alignment>0x1</alignment>
         <input_file_ref idref="fl-17"/>
      </object_component>
      <object_component id="oc-493">
         <name>.text:SCI0_init</name>
         <load_address>0xfc40</load_address>
         <readonly>true</readonly>
         <executable>true</executable>
         <run_address>0xfc40</run_address>
         <size>0x43</size>
         <alignment>0x1</alignment>
         <input_file_ref idref="fl-4"/>
      </object_component>
      <object_component id="oc-177">
         <name>.text:SCI_writeCharArray</name>
         <load_address>0xfc83</load_address>
         <readonly>true</readonly>
         <executable>true</executable>
         <run_address>0xfc83</run_address>
         <size>0x41</size>
         <alignment>0x1</alignment>
         <input_file_ref idref="fl-17"/>
      </object_component>
      <object_component id="oc-261">
         <name>.text:Device_init</name>
         <load_address>0xfcc4</load_address>
         <readonly>true</readonly>
         <executable>true</executable>
         <run_address>0xfcc4</run_address>
         <size>0x40</size>
         <alignment>0x1</alignment>
         <input_file_ref idref="fl-7"/>
      </object_component>
      <object_component id="oc-43d">
         <name>.text:EPWM_setActionQualifierAction</name>
         <load_address>0xfd04</load_address>
         <readonly>true</readonly>
         <executable>true</executable>
         <run_address>0xfd04</run_address>
         <size>0x40</size>
         <alignment>0x1</alignment>
         <input_file_ref idref="fl-4"/>
      </object_component>
      <object_component id="oc-42b">
         <name>.text:EPWM_setCounterCompareShadowLoadMode</name>
         <load_address>0xfd44</load_address>
         <readonly>true</readonly>
         <executable>true</executable>
         <run_address>0xfd44</run_address>
         <size>0x3e</size>
         <alignment>0x1</alignment>
         <input_file_ref idref="fl-4"/>
      </object_component>
      <object_component id="oc-58">
         <name>.text:INT_S3_XINT_ISR</name>
         <load_address>0xfd82</load_address>
         <readonly>true</readonly>
         <executable>true</executable>
         <run_address>0xfd82</run_address>
         <size>0x3e</size>
         <alignment>0x1</alignment>
         <input_file_ref idref="fl-2"/>
      </object_component>
      <object_component id="oc-5e">
         <name>.text:INT_S4_XINT_ISR</name>
         <load_address>0xfdc0</load_address>
         <readonly>true</readonly>
         <executable>true</executable>
         <run_address>0xfdc0</run_address>
         <size>0x3e</size>
         <alignment>0x1</alignment>
         <input_file_ref idref="fl-2"/>
      </object_component>
      <object_component id="oc-570">
         <name>.text:SCI_setConfig</name>
         <load_address>0xfdfe</load_address>
         <readonly>true</readonly>
         <executable>true</executable>
         <run_address>0xfdfe</run_address>
         <size>0x3e</size>
         <alignment>0x1</alignment>
         <input_file_ref idref="fl-17"/>
      </object_component>
      <object_component id="oc-4c">
         <name>.text:INT_S1_XINT_ISR</name>
         <load_address>0xfe3c</load_address>
         <readonly>true</readonly>
         <executable>true</executable>
         <run_address>0xfe3c</run_address>
         <size>0x3d</size>
         <alignment>0x1</alignment>
         <input_file_ref idref="fl-2"/>
      </object_component>
      <object_component id="oc-52">
         <name>.text:INT_S2_XINT_ISR</name>
         <load_address>0xfe79</load_address>
         <readonly>true</readonly>
         <executable>true</executable>
         <run_address>0xfe79</run_address>
         <size>0x3d</size>
         <alignment>0x1</alignment>
         <input_file_ref idref="fl-2"/>
      </object_component>
      <object_component id="oc-267">
         <name>.text:Interrupt_initModule</name>
         <load_address>0xfeb6</load_address>
         <readonly>true</readonly>
         <executable>true</executable>
         <run_address>0xfeb6</run_address>
         <size>0x3d</size>
         <alignment>0x1</alignment>
         <input_file_ref idref="fl-15"/>
      </object_component>
      <object_component id="oc-52c">
         <name>.text:EPWM_isBaseValid</name>
         <load_address>0xfef3</load_address>
         <readonly>true</readonly>
         <executable>true</executable>
         <run_address>0xfef3</run_address>
         <size>0x3b</size>
         <alignment>0x1</alignment>
         <input_file_ref idref="fl-4"/>
      </object_component>
      <object_component id="oc-327">
         <name>.text:EPWM_isBaseValid</name>
         <load_address>0xff2e</load_address>
         <readonly>true</readonly>
         <executable>true</executable>
         <run_address>0xff2e</run_address>
         <size>0x3b</size>
         <alignment>0x1</alignment>
         <input_file_ref idref="fl-2"/>
      </object_component>
      <object_component id="oc-13b">
         <name>.text:SCI_readCharArray</name>
         <load_address>0xff69</load_address>
         <readonly>true</readonly>
         <executable>true</executable>
         <run_address>0xff69</run_address>
         <size>0x3b</size>
         <alignment>0x1</alignment>
         <input_file_ref idref="fl-17"/>
      </object_component>
      <object_component id="oc-437">
         <name>.text:EPWM_setActionQualifierShadowLoadMode</name>
         <load_address>0xffa4</load_address>
         <readonly>true</readonly>
         <executable>true</executable>
         <run_address>0xffa4</run_address>
         <size>0x3a</size>
         <alignment>0x1</alignment>
         <input_file_ref idref="fl-4"/>
      </object_component>
      <object_component id="oc-425">
         <name>.text:EPWM_setCounterCompareValue</name>
         <load_address>0xffde</load_address>
         <readonly>true</readonly>
         <executable>true</executable>
         <run_address>0xffde</run_address>
         <size>0x22</size>
         <alignment>0x1</alignment>
         <input_file_ref idref="fl-4"/>
      </object_component>
      <object_component id="oc-3b0">
         <name>.text:MemCfg_setLSRAMControllerSel</name>
         <load_address>0x10000</load_address>
         <readonly>true</readonly>
         <executable>true</executable>
         <run_address>0x10000</run_address>
         <size>0x39</size>
         <alignment>0x1</alignment>
         <input_file_ref idref="fl-16"/>
      </object_component>
      <object_component id="oc-54e">
         <name>.text:GPIO_setControllerCore</name>
         <load_address>0x10039</load_address>
         <readonly>true</readonly>
         <executable>true</executable>
         <run_address>0x10039</run_address>
         <size>0x37</size>
         <alignment>0x1</alignment>
         <input_file_ref idref="fl-14"/>
      </object_component>
      <object_component id="oc-370">
         <name>.text:GPIO_setPinConfig</name>
         <load_address>0x10070</load_address>
         <readonly>true</readonly>
         <executable>true</executable>
         <run_address>0x10070</run_address>
         <size>0x37</size>
         <alignment>0x1</alignment>
         <input_file_ref idref="fl-14"/>
      </object_component>
      <object_component id="oc-37c">
         <name>.text:GPIO_setQualificationMode</name>
         <load_address>0x100a7</load_address>
         <readonly>true</readonly>
         <executable>true</executable>
         <run_address>0x100a7</run_address>
         <size>0x37</size>
         <alignment>0x1</alignment>
         <input_file_ref idref="fl-14"/>
      </object_component>
      <object_component id="oc-c8">
         <name>.text:Interrupt_enable</name>
         <load_address>0x100de</load_address>
         <readonly>true</readonly>
         <executable>true</executable>
         <run_address>0x100de</run_address>
         <size>0x37</size>
         <alignment>0x1</alignment>
         <input_file_ref idref="fl-15"/>
      </object_component>
      <object_component id="oc-40">
         <name>.text:cla1Isr1</name>
         <load_address>0x10115</load_address>
         <readonly>true</readonly>
         <executable>true</executable>
         <run_address>0x10115</run_address>
         <size>0x36</size>
         <alignment>0x1</alignment>
         <input_file_ref idref="fl-2"/>
      </object_component>
      <object_component id="oc-5a1">
         <name>.text:GPIO_setInterruptPin</name>
         <load_address>0x1014b</load_address>
         <readonly>true</readonly>
         <executable>true</executable>
         <run_address>0x1014b</run_address>
         <size>0x34</size>
         <alignment>0x1</alignment>
         <input_file_ref idref="fl-14"/>
      </object_component>
      <object_component id="oc-2af">
         <name>.text:Device_configureTMXAnalogTrim</name>
         <load_address>0x1017f</load_address>
         <readonly>true</readonly>
         <executable>true</executable>
         <run_address>0x1017f</run_address>
         <size>0x31</size>
         <alignment>0x1</alignment>
         <input_file_ref idref="fl-7"/>
      </object_component>
      <object_component id="oc-548">
         <name>.text:GPIO_setDirectionMode</name>
         <load_address>0x101b0</load_address>
         <readonly>true</readonly>
         <executable>true</executable>
         <run_address>0x101b0</run_address>
         <size>0x31</size>
         <alignment>0x1</alignment>
         <input_file_ref idref="fl-14"/>
      </object_component>
      <object_component id="oc-a8">
         <name>.text:protocolReceiveData</name>
         <load_address>0x101e1</load_address>
         <readonly>true</readonly>
         <executable>true</executable>
         <run_address>0x101e1</run_address>
         <size>0x31</size>
         <alignment>0x1</alignment>
         <input_file_ref idref="fl-8"/>
      </object_component>
      <object_component id="oc-22">
         <name>.text:decompress:lzss</name>
         <load_address>0x10212</load_address>
         <readonly>true</readonly>
         <executable>true</executable>
         <run_address>0x10212</run_address>
         <size>0x2e</size>
         <alignment>0x1</alignment>
         <input_file_ref idref="fl-2c"/>
      </object_component>
      <object_component id="oc-201">
         <name>.text:__TI_auto_init_nobinit_nopinit</name>
         <load_address>0x10240</load_address>
         <readonly>true</readonly>
         <executable>true</executable>
         <run_address>0x10240</run_address>
         <size>0x2b</size>
         <alignment>0x1</alignment>
         <input_file_ref idref="fl-29"/>
      </object_component>
      <object_component id="oc-1c2">
         <name>.text</name>
         <load_address>0x1026b</load_address>
         <readonly>true</readonly>
         <executable>true</executable>
         <run_address>0x1026b</run_address>
         <size>0x29</size>
         <alignment>0x1</alignment>
         <input_file_ref idref="fl-2d"/>
      </object_component>
      <object_component id="oc-5c3">
         <name>.text:CPUTimer_selectClockSource</name>
         <load_address>0x10294</load_address>
         <readonly>true</readonly>
         <executable>true</executable>
         <run_address>0x10294</run_address>
         <size>0x28</size>
         <alignment>0x1</alignment>
         <input_file_ref idref="fl-18"/>
      </object_component>
      <object_component id="oc-41f">
         <name>.text:EPWM_setSyncOutPulseMode</name>
         <load_address>0x102bc</load_address>
         <readonly>true</readonly>
         <executable>true</executable>
         <run_address>0x102bc</run_address>
         <size>0x27</size>
         <alignment>0x1</alignment>
         <input_file_ref idref="fl-4"/>
      </object_component>
      <object_component id="oc-108">
         <name>.text:CLA_setTriggerSource</name>
         <load_address>0x102e3</load_address>
         <readonly>true</readonly>
         <executable>true</executable>
         <run_address>0x102e3</run_address>
         <size>0x26</size>
         <alignment>0x1</alignment>
         <input_file_ref idref="fl-12"/>
      </object_component>
      <object_component id="oc-3bc">
         <name>.text:MemCfg_setGSRAMControllerSel</name>
         <load_address>0x10309</load_address>
         <readonly>true</readonly>
         <executable>true</executable>
         <run_address>0x10309</run_address>
         <size>0x26</size>
         <alignment>0x1</alignment>
         <input_file_ref idref="fl-16"/>
      </object_component>
      <object_component id="oc-588">
         <name>.text:SCI_setFIFOInterruptLevel</name>
         <load_address>0x1032f</load_address>
         <readonly>true</readonly>
         <executable>true</executable>
         <run_address>0x1032f</run_address>
         <size>0x26</size>
         <alignment>0x1</alignment>
         <input_file_ref idref="fl-4"/>
      </object_component>
      <object_component id="oc-473">
         <name>.text:EPWM_setupEPWMLinks</name>
         <load_address>0x10355</load_address>
         <readonly>true</readonly>
         <executable>true</executable>
         <run_address>0x10355</run_address>
         <size>0x24</size>
         <alignment>0x1</alignment>
         <input_file_ref idref="fl-4"/>
      </object_component>
      <object_component id="oc-3b6">
         <name>.text:MemCfg_setCLAMemType</name>
         <load_address>0x10379</load_address>
         <readonly>true</readonly>
         <executable>true</executable>
         <run_address>0x10379</run_address>
         <size>0x24</size>
         <alignment>0x1</alignment>
         <input_file_ref idref="fl-4"/>
      </object_component>
      <object_component id="oc-3e1">
         <name>.text:myCPUTIMER0_init</name>
         <load_address>0x1039d</load_address>
         <readonly>true</readonly>
         <executable>true</executable>
         <run_address>0x1039d</run_address>
         <size>0x24</size>
         <alignment>0x1</alignment>
         <input_file_ref idref="fl-4"/>
      </object_component>
      <object_component id="oc-27e">
         <name>.text:EPWM_setCounterCompareValue</name>
         <load_address>0x103c1</load_address>
         <readonly>true</readonly>
         <executable>true</executable>
         <run_address>0x103c1</run_address>
         <size>0x22</size>
         <alignment>0x1</alignment>
         <input_file_ref idref="fl-2"/>
      </object_component>
      <object_component id="oc-d3">
         <name>.text:protocolSendData</name>
         <load_address>0x103e3</load_address>
         <readonly>true</readonly>
         <executable>true</executable>
         <run_address>0x103e3</run_address>
         <size>0x22</size>
         <alignment>0x1</alignment>
         <input_file_ref idref="fl-8"/>
      </object_component>
      <object_component id="oc-1c9">
         <name>.text:SCI_isFIFOEnabled</name>
         <load_address>0x10405</load_address>
         <readonly>true</readonly>
         <executable>true</executable>
         <run_address>0x10405</run_address>
         <size>0x20</size>
         <alignment>0x1</alignment>
         <input_file_ref idref="fl-17"/>
      </object_component>
      <object_component id="oc-8b">
         <name>.text</name>
         <load_address>0x10425</load_address>
         <readonly>true</readonly>
         <executable>true</executable>
         <run_address>0x10425</run_address>
         <size>0x20</size>
         <alignment>0x1</alignment>
         <input_file_ref idref="fl-32"/>
      </object_component>
      <object_component id="oc-63e">
         <name>.text:CPUTimer_getTimerOverflowStatus</name>
         <load_address>0x10445</load_address>
         <readonly>true</readonly>
         <executable>true</executable>
         <run_address>0x10445</run_address>
         <size>0x1f</size>
         <alignment>0x1</alignment>
         <input_file_ref idref="fl-18"/>
      </object_component>
      <object_component id="oc-524">
         <name>.text:DAC_setShadowValue</name>
         <load_address>0x10464</load_address>
         <readonly>true</readonly>
         <executable>true</executable>
         <run_address>0x10464</run_address>
         <size>0x1f</size>
         <alignment>0x1</alignment>
         <input_file_ref idref="fl-4"/>
      </object_component>
      <object_component id="oc-e3">
         <name>.text:DAC_setShadowValue</name>
         <load_address>0x10483</load_address>
         <readonly>true</readonly>
         <executable>true</executable>
         <run_address>0x10483</run_address>
         <size>0x1f</size>
         <alignment>0x1</alignment>
         <input_file_ref idref="fl-2"/>
      </object_component>
      <object_component id="oc-44f">
         <name>.text:EPWM_setFallingEdgeDelayCountShadowLoadMode</name>
         <load_address>0x104a2</load_address>
         <readonly>true</readonly>
         <executable>true</executable>
         <run_address>0x104a2</run_address>
         <size>0x1f</size>
         <alignment>0x1</alignment>
         <input_file_ref idref="fl-4"/>
      </object_component>
      <object_component id="oc-443">
         <name>.text:EPWM_setRisingEdgeDelayCountShadowLoadMode</name>
         <load_address>0x104c1</load_address>
         <readonly>true</readonly>
         <executable>true</executable>
         <run_address>0x104c1</run_address>
         <size>0x1f</size>
         <alignment>0x1</alignment>
         <input_file_ref idref="fl-4"/>
      </object_component>
      <object_component id="oc-419">
         <name>.text:EPWM_setPhaseShift</name>
         <load_address>0x104e0</load_address>
         <readonly>true</readonly>
         <executable>true</executable>
         <run_address>0x104e0</run_address>
         <size>0x1e</size>
         <alignment>0x1</alignment>
         <input_file_ref idref="fl-4"/>
      </object_component>
      <object_component id="oc-ea">
         <name>.text:GPIO_readPin</name>
         <load_address>0x104fe</load_address>
         <readonly>true</readonly>
         <executable>true</executable>
         <run_address>0x104fe</run_address>
         <size>0x1e</size>
         <alignment>0x1</alignment>
         <input_file_ref idref="fl-2"/>
      </object_component>
      <object_component id="oc-71">
         <name>.text:Interrupt_initVectorTable</name>
         <load_address>0x1051c</load_address>
         <readonly>true</readonly>
         <executable>true</executable>
         <run_address>0x1051c</run_address>
         <size>0x1e</size>
         <alignment>0x1</alignment>
         <input_file_ref idref="fl-15"/>
      </object_component>
      <object_component id="oc-2eb">
         <name>.text:SYNC_init</name>
         <load_address>0x1053a</load_address>
         <readonly>true</readonly>
         <executable>true</executable>
         <run_address>0x1053a</run_address>
         <size>0x1e</size>
         <alignment>0x1</alignment>
         <input_file_ref idref="fl-4"/>
      </object_component>
      <object_component id="oc-3a2">
         <name>.text:SysCtl_setSyncInputConfig</name>
         <load_address>0x10558</load_address>
         <readonly>true</readonly>
         <executable>true</executable>
         <run_address>0x10558</run_address>
         <size>0x1e</size>
         <alignment>0x1</alignment>
         <input_file_ref idref="fl-4"/>
      </object_component>
      <object_component id="oc-58e">
         <name>.text:SCI_enableFIFO</name>
         <load_address>0x10576</load_address>
         <readonly>true</readonly>
         <executable>true</executable>
         <run_address>0x10576</run_address>
         <size>0x1d</size>
         <alignment>0x1</alignment>
         <input_file_ref idref="fl-4"/>
      </object_component>
      <object_component id="oc-467">
         <name>.text:EPWM_enableADCTrigger</name>
         <load_address>0x10593</load_address>
         <readonly>true</readonly>
         <executable>true</executable>
         <run_address>0x10593</run_address>
         <size>0x1c</size>
         <alignment>0x1</alignment>
         <input_file_ref idref="fl-4"/>
      </object_component>
      <object_component id="oc-3f5">
         <name>.text:EPWM_setClockPrescaler</name>
         <load_address>0x105af</load_address>
         <readonly>true</readonly>
         <executable>true</executable>
         <run_address>0x105af</run_address>
         <size>0x1c</size>
         <alignment>0x1</alignment>
         <input_file_ref idref="fl-4"/>
      </object_component>
      <object_component id="oc-26d">
         <name>.text:Board_init</name>
         <load_address>0x105cb</load_address>
         <readonly>true</readonly>
         <executable>true</executable>
         <run_address>0x105cb</run_address>
         <size>0x1b</size>
         <alignment>0x1</alignment>
         <input_file_ref idref="fl-4"/>
      </object_component>
      <object_component id="oc-45b">
         <name>.text:EPWM_setDeadBandControlShadowLoadMode</name>
         <load_address>0x105e6</load_address>
         <readonly>true</readonly>
         <executable>true</executable>
         <run_address>0x105e6</run_address>
         <size>0x1b</size>
         <alignment>0x1</alignment>
         <input_file_ref idref="fl-4"/>
      </object_component>
      <object_component id="oc-60c">
         <name>.text:SCI_isBaseValid</name>
         <load_address>0x10601</load_address>
         <readonly>true</readonly>
         <executable>true</executable>
         <run_address>0x10601</run_address>
         <size>0x1b</size>
         <alignment>0x1</alignment>
         <input_file_ref idref="fl-4"/>
      </object_component>
      <object_component id="oc-151">
         <name>.text:SCI_isBaseValid</name>
         <load_address>0x1061c</load_address>
         <readonly>true</readonly>
         <executable>true</executable>
         <run_address>0x1061c</run_address>
         <size>0x1b</size>
         <alignment>0x1</alignment>
         <input_file_ref idref="fl-17"/>
      </object_component>
      <object_component id="oc-50b">
         <name>.text:CPUTimer_startTimer</name>
         <load_address>0x10637</load_address>
         <readonly>true</readonly>
         <executable>true</executable>
         <run_address>0x10637</run_address>
         <size>0x1a</size>
         <alignment>0x1</alignment>
         <input_file_ref idref="fl-4"/>
      </object_component>
      <object_component id="oc-5cf">
         <name>.text:CPUTimer_startTimer</name>
         <load_address>0x10651</load_address>
         <readonly>true</readonly>
         <executable>true</executable>
         <run_address>0x10651</run_address>
         <size>0x1a</size>
         <alignment>0x1</alignment>
         <input_file_ref idref="fl-18"/>
      </object_component>
      <object_component id="oc-431">
         <name>.text:EPWM_disableActionQualifierShadowLoadMode</name>
         <load_address>0x1066b</load_address>
         <readonly>true</readonly>
         <executable>true</executable>
         <run_address>0x1066b</run_address>
         <size>0x1a</size>
         <alignment>0x1</alignment>
         <input_file_ref idref="fl-4"/>
      </object_component>
      <object_component id="oc-1d5">
         <name>.text:SCI_isDataAvailableNonFIFO</name>
         <load_address>0x10685</load_address>
         <readonly>true</readonly>
         <executable>true</executable>
         <run_address>0x10685</run_address>
         <size>0x1a</size>
         <alignment>0x1</alignment>
         <input_file_ref idref="fl-17"/>
      </object_component>
      <object_component id="oc-1ef">
         <name>.text:SCI_isSpaceAvailableNonFIFO</name>
         <load_address>0x1069f</load_address>
         <readonly>true</readonly>
         <executable>true</executable>
         <run_address>0x1069f</run_address>
         <size>0x1a</size>
         <alignment>0x1</alignment>
         <input_file_ref idref="fl-17"/>
      </object_component>
      <object_component id="oc-2c8">
         <name>.text:SysCtl_getLowSpeedClock</name>
         <load_address>0x106b9</load_address>
         <readonly>true</readonly>
         <executable>true</executable>
         <run_address>0x106b9</run_address>
         <size>0x1a</size>
         <alignment>0x1</alignment>
         <input_file_ref idref="fl-18"/>
      </object_component>
      <object_component id="oc-40d">
         <name>.text:EPWM_setCountModeAfterSync</name>
         <load_address>0x106d3</load_address>
         <readonly>true</readonly>
         <executable>true</executable>
         <run_address>0x106d3</run_address>
         <size>0x19</size>
         <alignment>0x1</alignment>
         <input_file_ref idref="fl-4"/>
      </object_component>
      <object_component id="oc-461">
         <name>.text:EPWM_disableDeadBandControlShadowLoadMode</name>
         <load_address>0x106ec</load_address>
         <readonly>true</readonly>
         <executable>true</executable>
         <run_address>0x106ec</run_address>
         <size>0x18</size>
         <alignment>0x1</alignment>
         <input_file_ref idref="fl-4"/>
      </object_component>
      <object_component id="oc-455">
         <name>.text:EPWM_disableFallingEdgeDelayCountShadowLoadMode</name>
         <load_address>0x10704</load_address>
         <readonly>true</readonly>
         <executable>true</executable>
         <run_address>0x10704</run_address>
         <size>0x18</size>
         <alignment>0x1</alignment>
         <input_file_ref idref="fl-4"/>
      </object_component>
      <object_component id="oc-449">
         <name>.text:EPWM_disableRisingEdgeDelayCountShadowLoadMode</name>
         <load_address>0x1071c</load_address>
         <readonly>true</readonly>
         <executable>true</executable>
         <run_address>0x1071c</run_address>
         <size>0x18</size>
         <alignment>0x1</alignment>
         <input_file_ref idref="fl-4"/>
      </object_component>
      <object_component id="oc-616">
         <name>.text:SCI_disableModule</name>
         <load_address>0x10734</load_address>
         <readonly>true</readonly>
         <executable>true</executable>
         <run_address>0x10734</run_address>
         <size>0x18</size>
         <alignment>0x1</alignment>
         <input_file_ref idref="fl-17"/>
      </object_component>
      <object_component id="oc-57c">
         <name>.text:SCI_performSoftwareReset</name>
         <load_address>0x1074c</load_address>
         <readonly>true</readonly>
         <executable>true</executable>
         <run_address>0x1074c</run_address>
         <size>0x18</size>
         <alignment>0x1</alignment>
         <input_file_ref idref="fl-4"/>
      </object_component>
      <object_component id="oc-158">
         <name>.text:SCI_performSoftwareReset</name>
         <load_address>0x10764</load_address>
         <readonly>true</readonly>
         <executable>true</executable>
         <run_address>0x10764</run_address>
         <size>0x18</size>
         <alignment>0x1</alignment>
         <input_file_ref idref="fl-17"/>
      </object_component>
      <object_component id="oc-56a">
         <name>.text:SCI_resetChannels</name>
         <load_address>0x1077c</load_address>
         <readonly>true</readonly>
         <executable>true</executable>
         <run_address>0x1077c</run_address>
         <size>0x18</size>
         <alignment>0x1</alignment>
         <input_file_ref idref="fl-4"/>
      </object_component>
      <object_component id="oc-564">
         <name>.text:SCI_resetRxFIFO</name>
         <load_address>0x10794</load_address>
         <readonly>true</readonly>
         <executable>true</executable>
         <run_address>0x10794</run_address>
         <size>0x18</size>
         <alignment>0x1</alignment>
         <input_file_ref idref="fl-4"/>
      </object_component>
      <object_component id="oc-55e">
         <name>.text:SCI_resetTxFIFO</name>
         <load_address>0x107ac</load_address>
         <readonly>true</readonly>
         <executable>true</executable>
         <run_address>0x107ac</run_address>
         <size>0x18</size>
         <alignment>0x1</alignment>
         <input_file_ref idref="fl-4"/>
      </object_component>
      <object_component id="oc-348">
         <name>.text:SysCtl_disablePeripheral</name>
         <load_address>0x107c4</load_address>
         <readonly>true</readonly>
         <executable>true</executable>
         <run_address>0x107c4</run_address>
         <size>0x18</size>
         <alignment>0x1</alignment>
         <input_file_ref idref="fl-7"/>
      </object_component>
      <object_component id="oc-3e8">
         <name>.text:myDAC0_init</name>
         <load_address>0x107dc</load_address>
         <readonly>true</readonly>
         <executable>true</executable>
         <run_address>0x107dc</run_address>
         <size>0x18</size>
         <alignment>0x1</alignment>
         <input_file_ref idref="fl-4"/>
      </object_component>
      <object_component id="oc-3ee">
         <name>.text:myDAC1_init</name>
         <load_address>0x107f4</load_address>
         <readonly>true</readonly>
         <executable>true</executable>
         <run_address>0x107f4</run_address>
         <size>0x18</size>
         <alignment>0x1</alignment>
         <input_file_ref idref="fl-4"/>
      </object_component>
      <object_component id="oc-5f3">
         <name>.text:CPUTimer_isBaseValid</name>
         <load_address>0x1080c</load_address>
         <readonly>true</readonly>
         <executable>true</executable>
         <run_address>0x1080c</run_address>
         <size>0x17</size>
         <alignment>0x1</alignment>
         <input_file_ref idref="fl-4"/>
      </object_component>
      <object_component id="oc-5ea">
         <name>.text:CPUTimer_isBaseValid</name>
         <load_address>0x10823</load_address>
         <readonly>true</readonly>
         <executable>true</executable>
         <run_address>0x10823</run_address>
         <size>0x17</size>
         <alignment>0x1</alignment>
         <input_file_ref idref="fl-13"/>
      </object_component>
      <object_component id="oc-632">
         <name>.text:CPUTimer_isBaseValid</name>
         <load_address>0x1083a</load_address>
         <readonly>true</readonly>
         <executable>true</executable>
         <run_address>0x1083a</run_address>
         <size>0x17</size>
         <alignment>0x1</alignment>
         <input_file_ref idref="fl-18"/>
      </object_component>
      <object_component id="oc-4ed">
         <name>.text:CPUTimer_setPreScaler</name>
         <load_address>0x10851</load_address>
         <readonly>true</readonly>
         <executable>true</executable>
         <run_address>0x10851</run_address>
         <size>0x17</size>
         <alignment>0x1</alignment>
         <input_file_ref idref="fl-4"/>
      </object_component>
      <object_component id="oc-5ff">
         <name>.text:DAC_isBaseValid</name>
         <load_address>0x10868</load_address>
         <readonly>true</readonly>
         <executable>true</executable>
         <run_address>0x10868</run_address>
         <size>0x17</size>
         <alignment>0x1</alignment>
         <input_file_ref idref="fl-4"/>
      </object_component>
      <object_component id="oc-184">
         <name>.text:DAC_isBaseValid</name>
         <load_address>0x1087f</load_address>
         <readonly>true</readonly>
         <executable>true</executable>
         <run_address>0x1087f</run_address>
         <size>0x17</size>
         <alignment>0x1</alignment>
         <input_file_ref idref="fl-2"/>
      </object_component>
      <object_component id="oc-342">
         <name>.text:SysCtl_enablePeripheral</name>
         <load_address>0x10896</load_address>
         <readonly>true</readonly>
         <executable>true</executable>
         <run_address>0x10896</run_address>
         <size>0x17</size>
         <alignment>0x1</alignment>
         <input_file_ref idref="fl-7"/>
      </object_component>
      <object_component id="oc-133">
         <name>.text</name>
         <load_address>0x108ad</load_address>
         <readonly>true</readonly>
         <executable>true</executable>
         <run_address>0x108ad</run_address>
         <size>0x17</size>
         <alignment>0x1</alignment>
         <input_file_ref idref="fl-24"/>
      </object_component>
      <object_component id="oc-114">
         <name>.text:CLA_enableTasks</name>
         <load_address>0x108c4</load_address>
         <readonly>true</readonly>
         <executable>true</executable>
         <run_address>0x108c4</run_address>
         <size>0x16</size>
         <alignment>0x1</alignment>
         <input_file_ref idref="fl-4"/>
      </object_component>
      <object_component id="oc-ae">
         <name>.text:CLA_forceTasks</name>
         <load_address>0x108da</load_address>
         <readonly>true</readonly>
         <executable>true</executable>
         <run_address>0x108da</run_address>
         <size>0x16</size>
         <alignment>0x1</alignment>
         <input_file_ref idref="fl-2"/>
      </object_component>
      <object_component id="oc-102">
         <name>.text:CLA_mapTaskVector</name>
         <load_address>0x108f0</load_address>
         <readonly>true</readonly>
         <executable>true</executable>
         <run_address>0x108f0</run_address>
         <size>0x16</size>
         <alignment>0x1</alignment>
         <input_file_ref idref="fl-4"/>
      </object_component>
      <object_component id="oc-70">
         <name>.text:Interrupt_defaultHandler</name>
         <load_address>0x10906</load_address>
         <readonly>true</readonly>
         <executable>true</executable>
         <run_address>0x10906</run_address>
         <size>0x16</size>
         <alignment>0x1</alignment>
         <input_file_ref idref="fl-15"/>
      </object_component>
      <object_component id="oc-4d0">
         <name>.text:XBAR_setInputPin</name>
         <load_address>0x1091c</load_address>
         <readonly>true</readonly>
         <executable>true</executable>
         <run_address>0x1091c</run_address>
         <size>0x16</size>
         <alignment>0x1</alignment>
         <input_file_ref idref="fl-4"/>
      </object_component>
      <object_component id="oc-62a">
         <name>.text:XBAR_setInputPin</name>
         <load_address>0x10932</load_address>
         <readonly>true</readonly>
         <executable>true</executable>
         <run_address>0x10932</run_address>
         <size>0x16</size>
         <alignment>0x1</alignment>
         <input_file_ref idref="fl-14"/>
      </object_component>
      <object_component id="oc-10e">
         <name>.text:CLA_enableIACK</name>
         <load_address>0x10948</load_address>
         <readonly>true</readonly>
         <executable>true</executable>
         <run_address>0x10948</run_address>
         <size>0x15</size>
         <alignment>0x1</alignment>
         <input_file_ref idref="fl-4"/>
      </object_component>
      <object_component id="oc-4f9">
         <name>.text:CPUTimer_enableInterrupt</name>
         <load_address>0x1095d</load_address>
         <readonly>true</readonly>
         <executable>true</executable>
         <run_address>0x1095d</run_address>
         <size>0x15</size>
         <alignment>0x1</alignment>
         <input_file_ref idref="fl-4"/>
      </object_component>
      <object_component id="oc-51e">
         <name>.text:DAC_enableOutput</name>
         <load_address>0x10972</load_address>
         <readonly>true</readonly>
         <executable>true</executable>
         <run_address>0x10972</run_address>
         <size>0x15</size>
         <alignment>0x1</alignment>
         <input_file_ref idref="fl-4"/>
      </object_component>
      <object_component id="oc-518">
         <name>.text:DAC_setLoadMode</name>
         <load_address>0x10987</load_address>
         <readonly>true</readonly>
         <executable>true</executable>
         <run_address>0x10987</run_address>
         <size>0x15</size>
         <alignment>0x1</alignment>
         <input_file_ref idref="fl-4"/>
      </object_component>
      <object_component id="oc-512">
         <name>.text:DAC_setReferenceVoltage</name>
         <load_address>0x1099c</load_address>
         <readonly>true</readonly>
         <executable>true</executable>
         <run_address>0x1099c</run_address>
         <size>0x15</size>
         <alignment>0x1</alignment>
         <input_file_ref idref="fl-4"/>
      </object_component>
      <object_component id="oc-65">
         <name>.text:myCLA0_init</name>
         <load_address>0x109b1</load_address>
         <readonly>true</readonly>
         <executable>true</executable>
         <run_address>0x109b1</run_address>
         <size>0x15</size>
         <alignment>0x1</alignment>
         <input_file_ref idref="fl-4"/>
      </object_component>
      <object_component id="oc-505">
         <name>.text:CPUTimer_reloadTimerCounter</name>
         <load_address>0x109c6</load_address>
         <readonly>true</readonly>
         <executable>true</executable>
         <run_address>0x109c6</run_address>
         <size>0x14</size>
         <alignment>0x1</alignment>
         <input_file_ref idref="fl-4"/>
      </object_component>
      <object_component id="oc-4ff">
         <name>.text:CPUTimer_stopTimer</name>
         <load_address>0x109da</load_address>
         <readonly>true</readonly>
         <executable>true</executable>
         <run_address>0x109da</run_address>
         <size>0x14</size>
         <alignment>0x1</alignment>
         <input_file_ref idref="fl-4"/>
      </object_component>
      <object_component id="oc-5b7">
         <name>.text:CPUTimer_stopTimer</name>
         <load_address>0x109ee</load_address>
         <readonly>true</readonly>
         <executable>true</executable>
         <run_address>0x109ee</run_address>
         <size>0x14</size>
         <alignment>0x1</alignment>
         <input_file_ref idref="fl-18"/>
      </object_component>
      <object_component id="oc-407">
         <name>.text:EPWM_setTimeBaseCounterMode</name>
         <load_address>0x10a02</load_address>
         <readonly>true</readonly>
         <executable>true</executable>
         <run_address>0x10a02</run_address>
         <size>0x14</size>
         <alignment>0x1</alignment>
         <input_file_ref idref="fl-4"/>
      </object_component>
      <object_component id="oc-3fb">
         <name>.text:EPWM_setTimeBasePeriod</name>
         <load_address>0x10a16</load_address>
         <readonly>true</readonly>
         <executable>true</executable>
         <run_address>0x10a16</run_address>
         <size>0x14</size>
         <alignment>0x1</alignment>
         <input_file_ref idref="fl-4"/>
      </object_component>
      <object_component id="oc-47a">
         <name>.text:S1_init</name>
         <load_address>0x10a2a</load_address>
         <readonly>true</readonly>
         <executable>true</executable>
         <run_address>0x10a2a</run_address>
         <size>0x14</size>
         <alignment>0x1</alignment>
         <input_file_ref idref="fl-4"/>
      </object_component>
      <object_component id="oc-480">
         <name>.text:S2_init</name>
         <load_address>0x10a3e</load_address>
         <readonly>true</readonly>
         <executable>true</executable>
         <run_address>0x10a3e</run_address>
         <size>0x14</size>
         <alignment>0x1</alignment>
         <input_file_ref idref="fl-4"/>
      </object_component>
      <object_component id="oc-486">
         <name>.text:S3_init</name>
         <load_address>0x10a52</load_address>
         <readonly>true</readonly>
         <executable>true</executable>
         <run_address>0x10a52</run_address>
         <size>0x14</size>
         <alignment>0x1</alignment>
         <input_file_ref idref="fl-4"/>
      </object_component>
      <object_component id="oc-48c">
         <name>.text:S4_init</name>
         <load_address>0x10a66</load_address>
         <readonly>true</readonly>
         <executable>true</executable>
         <run_address>0x10a66</run_address>
         <size>0x14</size>
         <alignment>0x1</alignment>
         <input_file_ref idref="fl-4"/>
      </object_component>
      <object_component id="oc-1cf">
         <name>.text:SCI_getRxFIFOStatus</name>
         <load_address>0x10a7a</load_address>
         <readonly>true</readonly>
         <executable>true</executable>
         <run_address>0x10a7a</run_address>
         <size>0x14</size>
         <alignment>0x1</alignment>
         <input_file_ref idref="fl-17"/>
      </object_component>
      <object_component id="oc-1e9">
         <name>.text:SCI_getTxFIFOStatus</name>
         <load_address>0x10a8e</load_address>
         <readonly>true</readonly>
         <executable>true</executable>
         <run_address>0x10a8e</run_address>
         <size>0x14</size>
         <alignment>0x1</alignment>
         <input_file_ref idref="fl-17"/>
      </object_component>
      <object_component id="oc-2ce">
         <name>.text:SysCtl_deviceCal</name>
         <load_address>0x10aa2</load_address>
         <readonly>true</readonly>
         <executable>true</executable>
         <run_address>0x10aa2</run_address>
         <size>0x14</size>
         <alignment>0x1</alignment>
         <input_file_ref idref="fl-7"/>
      </object_component>
      <object_component id="oc-4e7">
         <name>.text:CPUTimer_setEmulationMode</name>
         <load_address>0x10ab6</load_address>
         <readonly>true</readonly>
         <executable>true</executable>
         <run_address>0x10ab6</run_address>
         <size>0x13</size>
         <alignment>0x1</alignment>
         <input_file_ref idref="fl-13"/>
      </object_component>
      <object_component id="oc-558">
         <name>.text:SCI_clearOverflowStatus</name>
         <load_address>0x10ac9</load_address>
         <readonly>true</readonly>
         <executable>true</executable>
         <run_address>0x10ac9</run_address>
         <size>0x13</size>
         <alignment>0x1</alignment>
         <input_file_ref idref="fl-4"/>
      </object_component>
      <object_component id="oc-594">
         <name>.text:SCI_enableModule</name>
         <load_address>0x10adc</load_address>
         <readonly>true</readonly>
         <executable>true</executable>
         <run_address>0x10adc</run_address>
         <size>0x13</size>
         <alignment>0x1</alignment>
         <input_file_ref idref="fl-4"/>
      </object_component>
      <object_component id="oc-61c">
         <name>.text:SCI_enableModule</name>
         <load_address>0x10aef</load_address>
         <readonly>true</readonly>
         <executable>true</executable>
         <run_address>0x10aef</run_address>
         <size>0x13</size>
         <alignment>0x1</alignment>
         <input_file_ref idref="fl-17"/>
      </object_component>
      <object_component id="oc-5c9">
         <name>.text:CPUTimer_clearOverflowFlag</name>
         <load_address>0x10b02</load_address>
         <readonly>true</readonly>
         <executable>true</executable>
         <run_address>0x10b02</run_address>
         <size>0x12</size>
         <alignment>0x1</alignment>
         <input_file_ref idref="fl-18"/>
      </object_component>
      <object_component id="oc-5b1">
         <name>.text:CPUTimer_disableInterrupt</name>
         <load_address>0x10b14</load_address>
         <readonly>true</readonly>
         <executable>true</executable>
         <run_address>0x10b14</run_address>
         <size>0x12</size>
         <alignment>0x1</alignment>
         <input_file_ref idref="fl-18"/>
      </object_component>
      <object_component id="oc-401">
         <name>.text:EPWM_setTimeBaseCounter</name>
         <load_address>0x10b26</load_address>
         <readonly>true</readonly>
         <executable>true</executable>
         <run_address>0x10b26</run_address>
         <size>0x12</size>
         <alignment>0x1</alignment>
         <input_file_ref idref="fl-4"/>
      </object_component>
      <object_component id="oc-39c">
         <name>.text:SysCtl_setSyncOutputConfig</name>
         <load_address>0x10b38</load_address>
         <readonly>true</readonly>
         <executable>true</executable>
         <run_address>0x10b38</run_address>
         <size>0x12</size>
         <alignment>0x1</alignment>
         <input_file_ref idref="fl-4"/>
      </object_component>
      <object_component id="oc-1bc">
         <name>.text</name>
         <load_address>0x10b4a</load_address>
         <readonly>true</readonly>
         <executable>true</executable>
         <run_address>0x10b4a</run_address>
         <size>0x12</size>
         <alignment>0x1</alignment>
         <input_file_ref idref="fl-2f"/>
      </object_component>
      <object_component id="oc-4f3">
         <name>.text:CPUTimer_setPeriod</name>
         <load_address>0x10b5c</load_address>
         <readonly>true</readonly>
         <executable>true</executable>
         <run_address>0x10b5c</run_address>
         <size>0x11</size>
         <alignment>0x1</alignment>
         <input_file_ref idref="fl-4"/>
      </object_component>
      <object_component id="oc-5bd">
         <name>.text:CPUTimer_setPeriod</name>
         <load_address>0x10b6d</load_address>
         <readonly>true</readonly>
         <executable>true</executable>
         <run_address>0x10b6d</run_address>
         <size>0x11</size>
         <alignment>0x1</alignment>
         <input_file_ref idref="fl-18"/>
      </object_component>
      <object_component id="oc-413">
         <name>.text:EPWM_disablePhaseShiftLoad</name>
         <load_address>0x10b7e</load_address>
         <readonly>true</readonly>
         <executable>true</executable>
         <run_address>0x10b7e</run_address>
         <size>0x11</size>
         <alignment>0x1</alignment>
         <input_file_ref idref="fl-4"/>
      </object_component>
      <object_component id="oc-576">
         <name>.text:SCI_disableLoopback</name>
         <load_address>0x10b8f</load_address>
         <readonly>true</readonly>
         <executable>true</executable>
         <run_address>0x10b8f</run_address>
         <size>0x11</size>
         <alignment>0x1</alignment>
         <input_file_ref idref="fl-4"/>
      </object_component>
      <object_component id="oc-59b">
         <name>.text:GPIO_setInterruptType</name>
         <load_address>0x10ba0</load_address>
         <readonly>true</readonly>
         <executable>true</executable>
         <run_address>0x10ba0</run_address>
         <size>0x10</size>
         <alignment>0x1</alignment>
         <input_file_ref idref="fl-4"/>
      </object_component>
      <object_component id="oc-19b">
         <name>.text:CLA_isBaseValid</name>
         <load_address>0x10bb0</load_address>
         <readonly>true</readonly>
         <executable>true</executable>
         <run_address>0x10bb0</run_address>
         <size>0xf</size>
         <alignment>0x1</alignment>
         <input_file_ref idref="fl-4"/>
      </object_component>
      <object_component id="oc-143">
         <name>.text:CLA_isBaseValid</name>
         <load_address>0x10bbf</load_address>
         <readonly>true</readonly>
         <executable>true</executable>
         <run_address>0x10bbf</run_address>
         <size>0xf</size>
         <alignment>0x1</alignment>
         <input_file_ref idref="fl-2"/>
      </object_component>
      <object_component id="oc-c2">
         <name>.text:Interrupt_register</name>
         <load_address>0x10bce</load_address>
         <readonly>true</readonly>
         <executable>true</executable>
         <run_address>0x10bce</run_address>
         <size>0xf</size>
         <alignment>0x1</alignment>
         <input_file_ref idref="fl-4"/>
      </object_component>
      <object_component id="oc-5d5">
         <name>.text:SysCtl_pollCpuTimer</name>
         <load_address>0x10bdd</load_address>
         <readonly>true</readonly>
         <executable>true</executable>
         <run_address>0x10bdd</run_address>
         <size>0xf</size>
         <alignment>0x1</alignment>
         <input_file_ref idref="fl-18"/>
      </object_component>
      <object_component id="oc-4c7">
         <name>.text:GPIO_isPinValid</name>
         <load_address>0x10bec</load_address>
         <readonly>true</readonly>
         <executable>true</executable>
         <run_address>0x10bec</run_address>
         <size>0xe</size>
         <alignment>0x1</alignment>
         <input_file_ref idref="fl-14"/>
      </object_component>
      <object_component id="oc-18b">
         <name>.text:GPIO_isPinValid</name>
         <load_address>0x10bfa</load_address>
         <readonly>true</readonly>
         <executable>true</executable>
         <run_address>0x10bfa</run_address>
         <size>0xe</size>
         <alignment>0x1</alignment>
         <input_file_ref idref="fl-2"/>
      </object_component>
      <object_component id="oc-165">
         <name>.text:Interrupt_disableGlobal</name>
         <load_address>0x10c08</load_address>
         <readonly>true</readonly>
         <executable>true</executable>
         <run_address>0x10c08</run_address>
         <size>0xd</size>
         <alignment>0x1</alignment>
         <input_file_ref idref="fl-15"/>
      </object_component>
      <object_component id="oc-16b">
         <name>.text:Interrupt_enableGlobal</name>
         <load_address>0x10c15</load_address>
         <readonly>true</readonly>
         <executable>true</executable>
         <run_address>0x10c15</run_address>
         <size>0xd</size>
         <alignment>0x1</alignment>
         <input_file_ref idref="fl-15"/>
      </object_component>
      <object_component id="oc-2bb">
         <name>.text:SysCtl_setLowSpeedClock</name>
         <load_address>0x10c22</load_address>
         <readonly>true</readonly>
         <executable>true</executable>
         <run_address>0x10c22</run_address>
         <size>0xd</size>
         <alignment>0x1</alignment>
         <input_file_ref idref="fl-7"/>
      </object_component>
      <object_component id="oc-93">
         <name>.text:decompress:ZI:__TI_zero_init_nomemset</name>
         <load_address>0x10c2f</load_address>
         <readonly>true</readonly>
         <executable>true</executable>
         <run_address>0x10c2f</run_address>
         <size>0xd</size>
         <alignment>0x1</alignment>
         <input_file_ref idref="fl-2a"/>
      </object_component>
      <object_component id="oc-49a">
         <name>.text:S1_XINT_init</name>
         <load_address>0x10c3c</load_address>
         <readonly>true</readonly>
         <executable>true</executable>
         <run_address>0x10c3c</run_address>
         <size>0xc</size>
         <alignment>0x1</alignment>
         <input_file_ref idref="fl-4"/>
      </object_component>
      <object_component id="oc-4a0">
         <name>.text:S2_XINT_init</name>
         <load_address>0x10c48</load_address>
         <readonly>true</readonly>
         <executable>true</executable>
         <run_address>0x10c48</run_address>
         <size>0xc</size>
         <alignment>0x1</alignment>
         <input_file_ref idref="fl-4"/>
      </object_component>
      <object_component id="oc-4a6">
         <name>.text:S3_XINT_init</name>
         <load_address>0x10c54</load_address>
         <readonly>true</readonly>
         <executable>true</executable>
         <run_address>0x10c54</run_address>
         <size>0xc</size>
         <alignment>0x1</alignment>
         <input_file_ref idref="fl-4"/>
      </object_component>
      <object_component id="oc-4ac">
         <name>.text:S4_XINT_init</name>
         <load_address>0x10c60</load_address>
         <readonly>true</readonly>
         <executable>true</executable>
         <run_address>0x10c60</run_address>
         <size>0xc</size>
         <alignment>0x1</alignment>
         <input_file_ref idref="fl-4"/>
      </object_component>
      <object_component id="oc-3a8">
         <name>.text:SysCtl_enableExtADCSOCSource</name>
         <load_address>0x10c6c</load_address>
         <readonly>true</readonly>
         <executable>true</executable>
         <run_address>0x10c6c</run_address>
         <size>0xc</size>
         <alignment>0x1</alignment>
         <input_file_ref idref="fl-4"/>
      </object_component>
      <object_component id="oc-3da">
         <name>.text:MemCfg_disableCorrErrorInterrupt</name>
         <load_address>0x10c78</load_address>
         <readonly>true</readonly>
         <executable>true</executable>
         <run_address>0x10c78</run_address>
         <size>0xb</size>
         <alignment>0x1</alignment>
         <input_file_ref idref="fl-4"/>
      </object_component>
      <object_component id="oc-2a3">
         <name>.text:SysCtl_disableWatchdog</name>
         <load_address>0x10c83</load_address>
         <readonly>true</readonly>
         <executable>true</executable>
         <run_address>0x10c83</run_address>
         <size>0xb</size>
         <alignment>0x1</alignment>
         <input_file_ref idref="fl-7"/>
      </object_component>
      <object_component id="oc-350">
         <name>.text:SysCtl_isMCDClockFailureDetected</name>
         <load_address>0x10c8e</load_address>
         <readonly>true</readonly>
         <executable>true</executable>
         <run_address>0x10c8e</run_address>
         <size>0xb</size>
         <alignment>0x1</alignment>
         <input_file_ref idref="fl-18"/>
      </object_component>
      <object_component id="oc-279">
         <name>.text</name>
         <load_address>0x10c99</load_address>
         <readonly>true</readonly>
         <executable>true</executable>
         <run_address>0x10c99</run_address>
         <size>0xb</size>
         <alignment>0x1</alignment>
         <input_file_ref idref="fl-27"/>
      </object_component>
      <object_component id="oc-7c">
         <name>.text:Interrupt_illegalOperationHandler</name>
         <load_address>0x10ca4</load_address>
         <readonly>true</readonly>
         <executable>true</executable>
         <run_address>0x10ca4</run_address>
         <size>0xa</size>
         <alignment>0x1</alignment>
         <input_file_ref idref="fl-15"/>
      </object_component>
      <object_component id="oc-82">
         <name>.text:Interrupt_nmiHandler</name>
         <load_address>0x10cae</load_address>
         <readonly>true</readonly>
         <executable>true</executable>
         <run_address>0x10cae</run_address>
         <size>0xa</size>
         <alignment>0x1</alignment>
         <input_file_ref idref="fl-15"/>
      </object_component>
      <object_component id="oc-5a7">
         <name>.text:GPIO_enableInterrupt</name>
         <load_address>0x10cb8</load_address>
         <readonly>true</readonly>
         <executable>true</executable>
         <run_address>0x10cb8</run_address>
         <size>0x9</size>
         <alignment>0x1</alignment>
         <input_file_ref idref="fl-4"/>
      </object_component>
      <object_component id="oc-30f">
         <name>.text:GPIO_init</name>
         <load_address>0x10cc1</load_address>
         <readonly>true</readonly>
         <executable>true</executable>
         <run_address>0x10cc1</run_address>
         <size>0x9</size>
         <alignment>0x1</alignment>
         <input_file_ref idref="fl-4"/>
      </object_component>
      <object_component id="oc-2e5">
         <name>.text:INPUTXBAR_init</name>
         <load_address>0x10cca</load_address>
         <readonly>true</readonly>
         <executable>true</executable>
         <run_address>0x10cca</run_address>
         <size>0x9</size>
         <alignment>0x1</alignment>
         <input_file_ref idref="fl-4"/>
      </object_component>
      <object_component id="oc-3c8">
         <name>.text:MemCfg_disableROMPrefetch</name>
         <load_address>0x10cd3</load_address>
         <readonly>true</readonly>
         <executable>true</executable>
         <run_address>0x10cd3</run_address>
         <size>0x9</size>
         <alignment>0x1</alignment>
         <input_file_ref idref="fl-4"/>
      </object_component>
      <object_component id="oc-3c2">
         <name>.text:MemCfg_enableROMWaitState</name>
         <load_address>0x10cdc</load_address>
         <readonly>true</readonly>
         <executable>true</executable>
         <run_address>0x10cdc</run_address>
         <size>0x9</size>
         <alignment>0x1</alignment>
         <input_file_ref idref="fl-4"/>
      </object_component>
      <object_component id="oc-3d4">
         <name>.text:MemCfg_setCorrErrorThreshold</name>
         <load_address>0x10ce5</load_address>
         <readonly>true</readonly>
         <executable>true</executable>
         <run_address>0x10ce5</run_address>
         <size>0x9</size>
         <alignment>0x1</alignment>
         <input_file_ref idref="fl-4"/>
      </object_component>
      <object_component id="oc-35d">
         <name>.text:SysCtl_serviceWatchdog</name>
         <load_address>0x10cee</load_address>
         <readonly>true</readonly>
         <executable>true</executable>
         <run_address>0x10cee</run_address>
         <size>0x9</size>
         <alignment>0x1</alignment>
         <input_file_ref idref="fl-18"/>
      </object_component>
      <object_component id="oc-31b">
         <name>.text:XINT_init</name>
         <load_address>0x10cf7</load_address>
         <readonly>true</readonly>
         <executable>true</executable>
         <run_address>0x10cf7</run_address>
         <size>0x9</size>
         <alignment>0x1</alignment>
         <input_file_ref idref="fl-4"/>
      </object_component>
      <object_component id="oc-290">
         <name>.text</name>
         <load_address>0x10d00</load_address>
         <readonly>true</readonly>
         <executable>true</executable>
         <run_address>0x10d00</run_address>
         <size>0x9</size>
         <alignment>0x1</alignment>
         <input_file_ref idref="fl-2e"/>
      </object_component>
      <object_component id="oc-9f">
         <name>.text</name>
         <load_address>0x10d09</load_address>
         <readonly>true</readonly>
         <executable>true</executable>
         <run_address>0x10d09</run_address>
         <size>0x8</size>
         <alignment>0x1</alignment>
         <input_file_ref idref="fl-6"/>
      </object_component>
      <object_component id="oc-28">
         <name>.text:decompress:none</name>
         <load_address>0x10d11</load_address>
         <readonly>true</readonly>
         <executable>true</executable>
         <run_address>0x10d11</run_address>
         <size>0x8</size>
         <alignment>0x1</alignment>
         <input_file_ref idref="fl-2b"/>
      </object_component>
      <object_component id="oc-5db">
         <name>.text:SysCtl_resetMCD</name>
         <load_address>0x10d19</load_address>
         <readonly>true</readonly>
         <executable>true</executable>
         <run_address>0x10d19</run_address>
         <size>0x7</size>
         <alignment>0x1</alignment>
         <input_file_ref idref="fl-18"/>
      </object_component>
      <object_component id="oc-14a">
         <name>.text:__error__</name>
         <load_address>0x10d20</load_address>
         <readonly>true</readonly>
         <executable>true</executable>
         <run_address>0x10d20</run_address>
         <size>0x7</size>
         <alignment>0x1</alignment>
         <input_file_ref idref="fl-7"/>
      </object_component>
      <object_component id="oc-ba">
         <name>.text:Interrupt_clearACKGroup</name>
         <load_address>0x10d27</load_address>
         <readonly>true</readonly>
         <executable>true</executable>
         <run_address>0x10d27</run_address>
         <size>0x6</size>
         <alignment>0x1</alignment>
         <input_file_ref idref="fl-2"/>
      </object_component>
      <object_component id="oc-303">
         <name>.text:DAC_init</name>
         <load_address>0x10d2d</load_address>
         <readonly>true</readonly>
         <executable>true</executable>
         <run_address>0x10d2d</run_address>
         <size>0x5</size>
         <alignment>0x1</alignment>
         <input_file_ref idref="fl-4"/>
      </object_component>
      <object_component id="oc-383">
         <name>.text:myINPUTXBARINPUT0_init</name>
         <load_address>0x10d32</load_address>
         <readonly>true</readonly>
         <executable>true</executable>
         <run_address>0x10d32</run_address>
         <size>0x5</size>
         <alignment>0x1</alignment>
         <input_file_ref idref="fl-4"/>
      </object_component>
      <object_component id="oc-389">
         <name>.text:myINPUTXBARINPUT1_init</name>
         <load_address>0x10d37</load_address>
         <readonly>true</readonly>
         <executable>true</executable>
         <run_address>0x10d37</run_address>
         <size>0x5</size>
         <alignment>0x1</alignment>
         <input_file_ref idref="fl-4"/>
      </object_component>
      <object_component id="oc-38f">
         <name>.text:myINPUTXBARINPUT2_init</name>
         <load_address>0x10d3c</load_address>
         <readonly>true</readonly>
         <executable>true</executable>
         <run_address>0x10d3c</run_address>
         <size>0x5</size>
         <alignment>0x1</alignment>
         <input_file_ref idref="fl-4"/>
      </object_component>
      <object_component id="oc-395">
         <name>.text:myINPUTXBARINPUT3_init</name>
         <load_address>0x10d41</load_address>
         <readonly>true</readonly>
         <executable>true</executable>
         <run_address>0x10d41</run_address>
         <size>0x5</size>
         <alignment>0x1</alignment>
         <input_file_ref idref="fl-4"/>
      </object_component>
      <object_component id="oc-2f1">
         <name>.text:CLA_init</name>
         <load_address>0x10d46</load_address>
         <readonly>true</readonly>
         <executable>true</executable>
         <run_address>0x10d46</run_address>
         <size>0x3</size>
         <alignment>0x1</alignment>
         <input_file_ref idref="fl-4"/>
      </object_component>
      <object_component id="oc-2fd">
         <name>.text:CPUTIMER_init</name>
         <load_address>0x10d49</load_address>
         <readonly>true</readonly>
         <executable>true</executable>
         <run_address>0x10d49</run_address>
         <size>0x3</size>
         <alignment>0x1</alignment>
         <input_file_ref idref="fl-4"/>
      </object_component>
      <object_component id="oc-315">
         <name>.text:SCI_init</name>
         <load_address>0x10d4c</load_address>
         <readonly>true</readonly>
         <executable>true</executable>
         <run_address>0x10d4c</run_address>
         <size>0x3</size>
         <alignment>0x1</alignment>
         <input_file_ref idref="fl-4"/>
      </object_component>
      <object_component id="oc-1b5">
         <name>.text</name>
         <load_address>0x10d4f</load_address>
         <readonly>true</readonly>
         <executable>true</executable>
         <run_address>0x10d4f</run_address>
         <size>0x2</size>
         <alignment>0x1</alignment>
         <input_file_ref idref="fl-28"/>
      </object_component>
      <object_component id="oc-24c">
         <name>.text</name>
         <load_address>0x10d51</load_address>
         <readonly>true</readonly>
         <executable>true</executable>
         <run_address>0x10d51</run_address>
         <size>0x1</size>
         <alignment>0x1</alignment>
         <input_file_ref idref="fl-33"/>
[...]
      <symbol id="sm-122">
         <name>il</name>
         <value>0x9dee</value>
         <object_component_ref idref="oc-dd"/>
      </symbol>
      <symbol id="sm-123">
         <name>vt_dTheta</name>
         <value>0x9dd0</value>
         <object_component_ref idref="oc-da"/>
      </symbol>
      <symbol id="sm-124">
         <name>dutya</name>
         <value>0x9190</value>
         <object_component_ref idref="oc-287"/>
      </symbol>
      <symbol id="sm-125">
         <name>dutyb</name>
         <value>0x9192</value>
         <object_component_ref idref="oc-287"/>
      </symbol>
      <symbol id="sm-126">
         <name>cla1Isr1</name>
         <value>0x10115</value>
         <object_component_ref idref="oc-40"/>
      </symbol>
      <symbol id="sm-127">
         <name>sref</name>
         <value>0x1492</value>
         <object_component_ref idref="oc-ff"/>
      </symbol>
      <symbol id="sm-128">
         <name>vt_amplitude</name>
         <value>0x9dce</value>
         <object_component_ref idref="oc-da"/>
      </symbol>
      <symbol id="sm-129">
         <name>cont_buffer</name>
         <value>0x9dcd</value>
         <object_component_ref idref="oc-da"/>
      </symbol>
      <symbol id="sm-12a">
         <name>vt_buffer</name>
         <value>0x90c8</value>
         <object_component_ref idref="oc-273"/>
      </symbol>
      <symbol id="sm-12b">
         <name>il_buffer</name>
         <value>0x9000</value>
         <object_component_ref idref="oc-276"/>
      </symbol>
      <symbol id="sm-13d">
         <name>Cla1Task1</name>
         <value>0xa000</value>
         <object_component_ref idref="oc-64"/>
      </symbol>
      <symbol id="sm-459">
         <name>INPUTXBAR_init</name>
         <value>0x10cca</value>
         <object_component_ref idref="oc-2e5"/>
      </symbol>
      <symbol id="sm-45a">
         <name>INTERRUPT_init</name>
         <value>0xfa2b</value>
         <object_component_ref idref="oc-3a"/>
      </symbol>
      <symbol id="sm-45b">
         <name>PinMux_init</name>
         <value>0xf901</value>
         <object_component_ref idref="oc-2df"/>
      </symbol>
      <symbol id="sm-45c">
         <name>myINPUTXBARINPUT3_init</name>
         <value>0x10d41</value>
         <object_component_ref idref="oc-395"/>
      </symbol>
      <symbol id="sm-45d">
         <name>myINPUTXBARINPUT2_init</name>
         <value>0x10d3c</value>
         <object_component_ref idref="oc-38f"/>
      </symbol>
      <symbol id="sm-45e">
         <name>myINPUTXBARINPUT1_init</name>
         <value>0x10d37</value>
         <object_component_ref idref="oc-389"/>
      </symbol>
      <symbol id="sm-45f">
         <name>myINPUTXBARINPUT0_init</name>
         <value>0x10d32</value>
         <object_component_ref idref="oc-383"/>
      </symbol>
      <symbol id="sm-460">
         <name>myDAC0_init</name>
         <value>0x107dc</value>
         <object_component_ref idref="oc-3e8"/>
      </symbol>
      <symbol id="sm-461">
         <name>myDAC1_init</name>
         <value>0x107f4</value>
         <object_component_ref idref="oc-3ee"/>
      </symbol>
      <symbol id="sm-462">
         <name>SCI0_init</name>
         <value>0xfc40</value>
         <object_component_ref idref="oc-493"/>
      </symbol>
      <symbol id="sm-463">
         <name>SCI_init</name>
         <value>0x10d4c</value>
         <object_component_ref idref="oc-315"/>
      </symbol>
      <symbol id="sm-464">
         <name>Board_init</name>
         <value>0x105cb</value>
         <object_component_ref idref="oc-26d"/>
      </symbol>
      <symbol id="sm-465">
         <name>XINT_init</name>
         <value>0x10cf7</value>
         <object_component_ref idref="oc-31b"/>
      </symbol>
      <symbol id="sm-466">
         <name>MEMCFG_init</name>
         <value>0xf3bd</value>
         <object_component_ref idref="oc-2f7"/>
      </symbol>
      <symbol id="sm-467">
         <name>GPIO_init</name>
         <value>0x10cc1</value>
         <object_component_ref idref="oc-30f"/>
      </symbol>
      <symbol id="sm-468">
         <name>DAC_init</name>
         <value>0x10d2d</value>
         <object_component_ref idref="oc-303"/>
      </symbol>
      <symbol id="sm-469">
         <name>SYNC_init</name>
         <value>0x1053a</value>
         <object_component_ref idref="oc-2eb"/>
      </symbol>
      <symbol id="sm-46a">
         <name>S4_XINT_init</name>
         <value>0x10c60</value>
         <object_component_ref idref="oc-4ac"/>
      </symbol>
      <symbol id="sm-46b">
         <name>CLA_init</name>
         <value>0x10d46</value>
         <object_component_ref idref="oc-2f1"/>
      </symbol>
      <symbol id="sm-46c">
         <name>S2_XINT_init</name>
         <value>0x10c48</value>
         <object_component_ref idref="oc-4a0"/>
      </symbol>
      <symbol id="sm-46d">
         <name>S3_XINT_init</name>
         <value>0x10c54</value>
         <object_component_ref idref="oc-4a6"/>
      </symbol>
      <symbol id="sm-46e">
         <name>EPWM_init</name>
         <value>0xf209</value>
         <object_component_ref idref="oc-309"/>
      </symbol>
      <symbol id="sm-46f">
         <name>S1_XINT_init</name>
         <value>0x10c3c</value>
         <object_component_ref idref="oc-49a"/>
      </symbol>
      <symbol id="sm-470">
         <name>S1_init</name>
         <value>0x10a2a</value>
         <object_component_ref idref="oc-47a"/>
      </symbol>
      <symbol id="sm-471">
         <name>S3_init</name>
         <value>0x10a52</value>
         <object_component_ref idref="oc-486"/>
      </symbol>
      <symbol id="sm-472">
         <name>S2_init</name>
         <value>0x10a3e</value>
         <object_component_ref idref="oc-480"/>
      </symbol>
      <symbol id="sm-473">
         <name>S4_init</name>
         <value>0x10a66</value>
         <object_component_ref idref="oc-48c"/>
      </symbol>
      <symbol id="sm-474">
         <name>CPUTIMER_init</name>
         <value>0x10d49</value>
         <object_component_ref idref="oc-2fd"/>
      </symbol>
      <symbol id="sm-475">
         <name>myCLA0_init</name>
         <value>0x109b1</value>
         <object_component_ref idref="oc-65"/>
      </symbol>
      <symbol id="sm-476">
         <name>myCPUTIMER0_init</name>
         <value>0x1039d</value>
         <object_component_ref idref="oc-3e1"/>
      </symbol>
      <symbol id="sm-486">
         <name>code_start</name>
         <value>0x0</value>
         <object_component_ref idref="oc-2f"/>
      </symbol>
      <symbol id="sm-4da">
         <name>Device_enableAllPeripherals</name>
         <value>0xf5fe</value>
         <object_component_ref idref="oc-2d4"/>
      </symbol>
      <symbol id="sm-4db">
         <name>Example_Fail</name>
         <value>0x9de2</value>
         <object_component_ref idref="oc-2da"/>
      </symbol>
      <symbol id="sm-4dc">
         <name>Device_init</name>
         <value>0xfcc4</value>
         <object_component_ref idref="oc-261"/>
      </symbol>
      <symbol id="sm-4dd">
         <name>Example_Result</name>
         <value>0x9dde</value>
         <object_component_ref idref="oc-2da"/>
      </symbol>
      <symbol id="sm-4de">
         <name>__error__</name>
         <value>0x10d20</value>
         <object_component_ref idref="oc-14a"/>
      </symbol>
      <symbol id="sm-4df">
         <name>Device_configureTMXAnalogTrim</name>
         <value>0x1017f</value>
         <object_component_ref idref="oc-2af"/>
      </symbol>
      <symbol id="sm-4e0">
         <name>Example_PassCount</name>
         <value>0x9de0</value>
         <object_component_ref idref="oc-2da"/>
      </symbol>
      <symbol id="sm-4fa">
         <name>protocolSendData</name>
         <value>0x103e3</value>
         <object_component_ref idref="oc-d3"/>
      </symbol>
      <symbol id="sm-4fb">
         <name>protocolReceiveData</name>
         <value>0x101e1</value>
         <object_component_ref idref="oc-a8"/>
      </symbol>
      <symbol id="sm-50a">
         <name>CLA_setTriggerSource</name>
         <value>0x102e3</value>
         <object_component_ref idref="oc-108"/>
      </symbol>
      <symbol id="sm-524">
         <name>CPUTimer_setEmulationMode</name>
         <value>0x10ab6</value>
         <object_component_ref idref="oc-4e7"/>
      </symbol>
      <symbol id="sm-580">
         <name>GPIO_setQualificationMode</name>
         <value>0x100a7</value>
         <object_component_ref idref="oc-37c"/>
      </symbol>
      <symbol id="sm-581">
         <name>GPIO_setPadConfig</name>
         <value>0xfa80</value>
         <object_component_ref idref="oc-376"/>
      </symbol>
      <symbol id="sm-582">
         <name>GPIO_setInterruptPin</name>
         <value>0x1014b</value>
         <object_component_ref idref="oc-5a1"/>
      </symbol>
      <symbol id="sm-583">
         <name>GPIO_setDirectionMode</name>
         <value>0x101b0</value>
         <object_component_ref idref="oc-548"/>
      </symbol>
      <symbol id="sm-584">
         <name>GPIO_setPinConfig</name>
         <value>0x10070</value>
         <object_component_ref idref="oc-370"/>
      </symbol>
      <symbol id="sm-585">
         <name>GPIO_setControllerCore</name>
         <value>0x10039</value>
         <object_component_ref idref="oc-54e"/>
      </symbol>
      <symbol id="sm-5d4">
         <name>Interrupt_defaultHandler</name>
         <value>0x10906</value>
         <object_component_ref idref="oc-70"/>
      </symbol>
      <symbol id="sm-5d5">
         <name>Interrupt_initModule</name>
         <value>0xfeb6</value>
         <object_component_ref idref="oc-267"/>
      </symbol>
      <symbol id="sm-5d6">
         <name>Interrupt_nmiHandler</name>
         <value>0x10cae</value>
         <object_component_ref idref="oc-82"/>
      </symbol>
      <symbol id="sm-5d7">
         <name>Interrupt_enable</name>
         <value>0x100de</value>
         <object_component_ref idref="oc-c8"/>
      </symbol>
      <symbol id="sm-5d8">
         <name>Interrupt_initVectorTable</name>
         <value>0x1051c</value>
         <object_component_ref idref="oc-71"/>
      </symbol>
      <symbol id="sm-5d9">
         <name>Interrupt_illegalOperationHandler</name>
         <value>0x10ca4</value>
         <object_component_ref idref="oc-7c"/>
      </symbol>
      <symbol id="sm-604">
         <name>MemCfg_setGSRAMControllerSel</name>
         <value>0x10309</value>
         <object_component_ref idref="oc-3bc"/>
      </symbol>
      <symbol id="sm-605">
         <name>MemCfg_setLSRAMControllerSel</name>
         <value>0x10000</value>
         <object_component_ref idref="oc-3b0"/>
      </symbol>
      <symbol id="sm-606">
         <name>MemCfg_setProtection</name>
         <value>0xf779</value>
         <object_component_ref idref="oc-3ce"/>
      </symbol>
      <symbol id="sm-6a5">
         <name>SCI_readCharArray</name>
         <value>0xff69</value>
         <object_component_ref idref="oc-13b"/>
      </symbol>
      <symbol id="sm-6a6">
         <name>SCI_clearInterruptStatus</name>
         <value>0xfbb7</value>
         <object_component_ref idref="oc-b4"/>
      </symbol>
      <symbol id="sm-6a7">
         <name>SCI_writeCharArray</name>
         <value>0xfc83</value>
         <object_component_ref idref="oc-177"/>
      </symbol>
      <symbol id="sm-6a8">
         <name>SCI_setConfig</name>
         <value>0xfdfe</value>
         <object_component_ref idref="oc-570"/>
      </symbol>
      <symbol id="sm-6a9">
         <name>SCI_enableInterrupt</name>
         <value>0xfbfc</value>
         <object_component_ref idref="oc-582"/>
      </symbol>
      <symbol id="sm-782">
         <name>SysCtl_delay</name>
         <value>0x123</value>
         <object_component_ref idref="oc-35c"/>
      </symbol>
      <symbol id="sm-783">
         <name>SysCtl_getDeviceParametric</name>
         <value>0xf96b</value>
         <object_component_ref idref="oc-2a9"/>
      </symbol>
      <symbol id="sm-784">
         <name>SysCtl_selectXTAL</name>
         <value>0xf6e9</value>
         <object_component_ref idref="oc-4bc"/>
      </symbol>
      <symbol id="sm-785">
         <name>SysCtl_selectOscSource</name>
         <value>0xfb6f</value>
         <object_component_ref idref="oc-356"/>
      </symbol>
      <symbol id="sm-786">
         <name>SysCtl_getLowSpeedClock</name>
         <value>0x106b9</value>
         <object_component_ref idref="oc-2c8"/>
      </symbol>
      <symbol id="sm-787">
         <name>SysCtl_setClock</name>
         <value>0xf000</value>
         <object_component_ref idref="oc-2b5"/>
      </symbol>
      <symbol id="sm-788">
         <name>SysCtl_getClock</name>
         <value>0xfad2</value>
         <object_component_ref idref="oc-2c1"/>
      </symbol>
      <symbol id="sm-792">
         <name>_c_int00</name>
         <value>0x108ad</value>
         <object_component_ref idref="oc-133"/>
      </symbol>
      <symbol id="sm-793">
         <name>__stack</name>
         <value>0x400</value>
         <object_component_ref idref="oc-88"/>
      </symbol>
      <symbol id="sm-7a0">
         <name>__c28xabi_divf</name>
         <value>0xf804</value>
         <object_component_ref idref="oc-363"/>
      </symbol>
      <symbol id="sm-7a9">
         <name>__c28xabi_modu</name>
         <value>0x10c9e</value>
         <object_component_ref idref="oc-279"/>
      </symbol>
      <symbol id="sm-7aa">
         <name>__c28xabi_divu</name>
         <value>0x10c99</value>
         <object_component_ref idref="oc-279"/>
      </symbol>
      <symbol id="sm-7b7">
         <name>_system_pre_init</name>
         <value>0x10d4f</value>
         <object_component_ref idref="oc-1b5"/>
      </symbol>
      <symbol id="sm-7c6">
         <name>__TI_auto_init_nobinit_nopinit</name>
         <value>0x10240</value>
         <object_component_ref idref="oc-201"/>
      </symbol>
      <symbol id="sm-7d5">
         <name>__TI_zero_init_nomemset</name>
         <value>0x10c2f</value>
         <object_component_ref idref="oc-93"/>
      </symbol>
      <symbol id="sm-7e2">
         <name>__TI_decompress_none</name>
         <value>0x10d11</value>
         <object_component_ref idref="oc-28"/>
      </symbol>
      <symbol id="sm-7f6">
         <name>__TI_decompress_lzss</name>
         <value>0x10212</value>
         <object_component_ref idref="oc-22"/>
      </symbol>
      <symbol id="sm-80c">
         <name>C$$EXIT</name>
         <value>0x1026b</value>
         <object_component_ref idref="oc-1c2"/>
      </symbol>
      <symbol id="sm-80d">
         <name>abort</name>
         <value>0x1026b</value>
         <object_component_ref idref="oc-1c2"/>
      </symbol>
      <symbol id="sm-80e">
         <name>exit</name>
         <value>0x1026d</value>
         <object_component_ref idref="oc-1c2"/>
      </symbol>
      <symbol id="sm-80f">
         <name>__TI_dtors_ptr</name>
         <value>0x9de8</value>
         <object_component_ref idref="oc-239"/>
      </symbol>
      <symbol id="sm-810">
         <name>__TI_cleanup_ptr</name>
         <value>0x9de6</value>
         <object_component_ref idref="oc-239"/>
      </symbol>
      <symbol id="sm-811">
         <name>__TI_enable_exit_profile_output</name>
         <value>0x9de4</value>
         <object_component_ref idref="oc-239"/>
      </symbol>
      <symbol id="sm-828">
         <name>_nop</name>
         <value>0x10d08</value>
         <object_component_ref idref="oc-290"/>
      </symbol>
      <symbol id="sm-829">
         <name>_lock</name>
         <value>0x9df6</value>
         <object_component_ref idref="oc-23c"/>
      </symbol>
      <symbol id="sm-82a">
         <name>_unlock</name>
         <value>0x9df8</value>
         <object_component_ref idref="oc-332"/>
      </symbol>
      <symbol id="sm-82b">
         <name>_register_lock</name>
         <value>0x10d04</value>
         <object_component_ref idref="oc-290"/>
      </symbol>
      <symbol id="sm-82c">
         <name>_register_unlock</name>
         <value>0x10d00</value>
         <object_component_ref idref="oc-290"/>
      </symbol>
      <symbol id="sm-83b">
         <name>_args_main</name>
         <value>0x10b4a</value>
         <object_component_ref idref="oc-1bc"/>
      </symbol>
      <symbol id="sm-84f">
         <name>memcpy</name>
         <value>0x10425</value>
         <object_component_ref idref="oc-8b"/>
      </symbol>
      <symbol id="sm-85c">
         <name>_system_post_cinit</name>
         <value>0x10d51</value>
         <object_component_ref idref="oc-24c"/>
      </symbol>
      <symbol id="sm-866">
         <name>CLAsin</name>
         <value>0xa0be</value>
         <object_component_ref idref="oc-f7"/>
      </symbol>
      <symbol id="sm-867">
         <name>__claCLAsin_sp</name>
         <value>0x8956</value>
         <object_component_ref idref="oc-194"/>
      </symbol>
      <symbol id="sm-86a">
         <name>CLAsincosTable_Cos0</name>
         <value>0x8840</value>
         <object_component_ref idref="oc-195"/>
      </symbol>
      <symbol id="sm-86b">
         <name>CLAsincosTable_Coef3</name>
         <value>0x8952</value>
         <object_component_ref idref="oc-195"/>
      </symbol>
      <symbol id="sm-86c">
         <name>CLAsincosTable_Coef2</name>
         <value>0x8950</value>
         <object_component_ref idref="oc-195"/>
      </symbol>
      <symbol id="sm-86d">
         <name>CLAsincosTable_Coef1</name>
         <value>0x894c</value>
         <object_component_ref idref="oc-195"/>
      </symbol>
      <symbol id="sm-86e">
         <name>CLAsincosTable_Coef0</name>
         <value>0x894a</value>
         <object_component_ref idref="oc-195"/>
      </symbol>
      <symbol id="sm-86f">
         <name>CLAsincosTable_TABLE_SIZEDivTwoPi</name>
         <value>0x8944</value>
         <object_component_ref idref="oc-195"/>
      </symbol>
      <symbol id="sm-870">
         <name>CLAcosTable</name>
         <value>0x8840</value>
         <object_component_ref idref="oc-195"/>
      </symbol>
      <symbol id="sm-871">
         <name>CLAsincosTable_TABLE_MASK</name>
         <value>0x8948</value>
         <object_component_ref idref="oc-195"/>
      </symbol>
      <symbol id="sm-872">
         <name>CLAsincosTableEnd</name>
         <value>0x8956</value>
         <object_component_ref idref="oc-195"/>
      </symbol>
      <symbol id="sm-873">
         <name>CLAsincosTable_TwoPiDivTABLE_SIZE</name>
         <value>0x8946</value>
         <object_component_ref idref="oc-195"/>
      </symbol>
      <symbol id="sm-874">
         <name>CLAsincosTable</name>
         <value>0x8800</value>
         <object_component_ref idref="oc-195"/>
      </symbol>
      <symbol id="sm-875">
         <name>CLAcosTableEnd</name>
         <value>0x8942</value>
         <object_component_ref idref="oc-195"/>
      </symbol>
      <symbol id="sm-876">
         <name>CLAsincosTable_Coef1_pos</name>
         <value>0x894e</value>
         <object_component_ref idref="oc-195"/>
      </symbol>
      <symbol id="sm-877">
         <name>CLAsinTableEnd</name>
         <value>0x8900</value>
         <object_component_ref idref="oc-195"/>
      </symbol>
      <symbol id="sm-878">
         <name>CLAsinTable</name>
         <value>0x8800</value>
         <object_component_ref idref="oc-195"/>
      </symbol>
      <symbol id="sm-879">
         <name>CLAsincosTable_Coef3_neg</name>
         <value>0x8954</value>
         <object_component_ref idref="oc-195"/>
      </symbol>
      <symbol id="sm-87a">
         <name>CLAsincosTable_TABLE_SIZE</name>
         <value>0x8942</value>
         <object_component_ref idref="oc-195"/>
      </symbol>
      <symbol id="sm-87b">
         <name>CLAsincosTable_Sin0</name>
         <value>0x8800</value>
         <object_component_ref idref="oc-195"/>
      </symbol>
   </symbol_table>
   <title>Link successful</title>
</link_info>
