<?xml version="1.0" encoding="ISO-8859-1" ?>
<link_info>
   <banner>TMS320C2000 Linker PC v25.11.0.LTS</banner>
   <copyright>Copyright (c) 1996-2018 Texas Instruments Incorporated</copyright>
   <command_line>C:\ti\ccs2050\ccs\tools\compiler\ti-cgt-c2000_25.11.0.LTS\bin\lnk2000.exe -lC:\\Users\\filip\\AppData\\Local\\Temp\\{CB310802-C470-4207-AE32-B1D7505C7BDB}</command_line>
   <link_time>0x6a31662f</link_time>
   <link_errors>0x0</link_errors>
   <output_file>G:\Meu Drive\UFJF\Doutorado\2026.1\Codigos_TSeISEpEP\trabalho_2\trabalho_2_hil\CPU1_RAM\trabalho_2_hil.out</output_file>
   <entry_point>
      <name>code_start</name>
      <address>0x0</address>
   </entry_point>
   <input_file_list>
      <input_file id="fl-2">
         <path>G:\Meu Drive\UFJF\Doutorado\2026.1\Codigos_TSeISEpEP\trabalho_2\trabalho_2_hil\CPU1_RAM\.\</path>
         <kind>object</kind>
         <file>main.obj</file>
         <name>main.obj</name>
      </input_file>
      <input_file id="fl-3">
         <path>G:\Meu Drive\UFJF\Doutorado\2026.1\Codigos_TSeISEpEP\trabalho_2\trabalho_2_hil\CPU1_RAM\.\</path>
         <kind>object</kind>
         <file>tasks.obj</file>
         <name>tasks.obj</name>
      </input_file>
      <input_file id="fl-4">
         <path>G:\Meu Drive\UFJF\Doutorado\2026.1\Codigos_TSeISEpEP\trabalho_2\trabalho_2_hil\CPU1_RAM\.\syscfg\</path>
         <kind>object</kind>
         <file>board.obj</file>
         <name>board.obj</name>
      </input_file>
      <input_file id="fl-5">
         <path>G:\Meu Drive\UFJF\Doutorado\2026.1\Codigos_TSeISEpEP\trabalho_2\trabalho_2_hil\CPU1_RAM\.\syscfg\</path>
         <kind>object</kind>
         <file>c2000ware_libraries.obj</file>
         <name>c2000ware_libraries.obj</name>
      </input_file>
      <input_file id="fl-6">
         <path>G:\Meu Drive\UFJF\Doutorado\2026.1\Codigos_TSeISEpEP\trabalho_2\trabalho_2_hil\CPU1_RAM\.\device\</path>
         <kind>object</kind>
         <file>F2837xD_CodeStartBranch.obj</file>
         <name>F2837xD_CodeStartBranch.obj</name>
      </input_file>
      <input_file id="fl-7">
         <path>G:\Meu Drive\UFJF\Doutorado\2026.1\Codigos_TSeISEpEP\trabalho_2\trabalho_2_hil\CPU1_RAM\.\device\</path>
         <kind>object</kind>
         <file>device.obj</file>
         <name>device.obj</name>
      </input_file>
      <input_file id="fl-8">
         <path>G:\Meu Drive\UFJF\Doutorado\2026.1\Codigos_TSeISEpEP\trabalho_2\trabalho_2_hil\CPU1_RAM\.\src\</path>
         <kind>object</kind>
         <file>scicomm.obj</file>
         <name>scicomm.obj</name>
      </input_file>
      <input_file id="fl-e">
         <path>G:\Meu Drive\UFJF\Doutorado\2026.1\Codigos_TSeISEpEP\trabalho_2\trabalho_2_hil\CPU1_RAM\</path>
         <kind>object</kind>
         <file>&lt;internal&gt;</file>
         <name>&lt;internal&gt;</name>
      </input_file>
      <input_file id="fl-12">
         <path>C:\ti\C2000Ware_26_00_00_00\driverlib\f2837xd\driverlib\ccs\Debug\</path>
         <kind>archive</kind>
         <file>driverlib_eabi.lib</file>
         <name>cla.obj</name>
      </input_file>
      <input_file id="fl-13">
         <path>C:\ti\C2000Ware_26_00_00_00\driverlib\f2837xd\driverlib\ccs\Debug\</path>
         <kind>archive</kind>
         <file>driverlib_eabi.lib</file>
         <name>cputimer.obj</name>
      </input_file>
      <input_file id="fl-14">
         <path>C:\ti\C2000Ware_26_00_00_00\driverlib\f2837xd\driverlib\ccs\Debug\</path>
         <kind>archive</kind>
         <file>driverlib_eabi.lib</file>
         <name>gpio.obj</name>
      </input_file>
      <input_file id="fl-15">
         <path>C:\ti\C2000Ware_26_00_00_00\driverlib\f2837xd\driverlib\ccs\Debug\</path>
         <kind>archive</kind>
         <file>driverlib_eabi.lib</file>
         <name>interrupt.obj</name>
      </input_file>
      <input_file id="fl-16">
         <path>C:\ti\C2000Ware_26_00_00_00\driverlib\f2837xd\driverlib\ccs\Debug\</path>
         <kind>archive</kind>
         <file>driverlib_eabi.lib</file>
         <name>memcfg.obj</name>
      </input_file>
      <input_file id="fl-17">
         <path>C:\ti\C2000Ware_26_00_00_00\driverlib\f2837xd\driverlib\ccs\Debug\</path>
         <kind>archive</kind>
         <file>driverlib_eabi.lib</file>
         <name>sci.obj</name>
      </input_file>
      <input_file id="fl-18">
         <path>C:\ti\C2000Ware_26_00_00_00\driverlib\f2837xd\driverlib\ccs\Debug\</path>
         <kind>archive</kind>
         <file>driverlib_eabi.lib</file>
         <name>sysctl.obj</name>
      </input_file>
      <input_file id="fl-24">
         <path>C:\ti\ccs2050\ccs\tools\compiler\ti-cgt-c2000_25.11.0.LTS\lib\</path>
         <kind>archive</kind>
         <file>rts2800_fpu32_eabi.lib</file>
         <name>boot28.asm.obj</name>
      </input_file>
      <input_file id="fl-25">
         <path>C:\ti\ccs2050\ccs\tools\compiler\ti-cgt-c2000_25.11.0.LTS\lib\</path>
         <kind>archive</kind>
         <file>rts2800_fpu32_eabi.lib</file>
         <name>fs_div28.asm.obj</name>
      </input_file>
      <input_file id="fl-26">
         <path>C:\ti\ccs2050\ccs\tools\compiler\ti-cgt-c2000_25.11.0.LTS\lib\</path>
         <kind>archive</kind>
         <file>rts2800_fpu32_eabi.lib</file>
         <name>ll_cmp28.asm.obj</name>
      </input_file>
      <input_file id="fl-27">
         <path>C:\ti\ccs2050\ccs\tools\compiler\ti-cgt-c2000_25.11.0.LTS\lib\</path>
         <kind>archive</kind>
         <file>rts2800_fpu32_eabi.lib</file>
         <name>pre_init.c.obj</name>
      </input_file>
      <input_file id="fl-28">
         <path>C:\ti\ccs2050\ccs\tools\compiler\ti-cgt-c2000_25.11.0.LTS\lib\</path>
         <kind>archive</kind>
         <file>rts2800_fpu32_eabi.lib</file>
         <name>autoinit.c.obj</name>
      </input_file>
      <input_file id="fl-29">
         <path>C:\ti\ccs2050\ccs\tools\compiler\ti-cgt-c2000_25.11.0.LTS\lib\</path>
         <kind>archive</kind>
         <file>rts2800_fpu32_eabi.lib</file>
         <name>copy_zero_init.c.obj</name>
      </input_file>
      <input_file id="fl-2a">
         <path>C:\ti\ccs2050\ccs\tools\compiler\ti-cgt-c2000_25.11.0.LTS\lib\</path>
         <kind>archive</kind>
         <file>rts2800_fpu32_eabi.lib</file>
         <name>copy_decompress_none.c.obj</name>
      </input_file>
      <input_file id="fl-2b">
         <path>C:\ti\ccs2050\ccs\tools\compiler\ti-cgt-c2000_25.11.0.LTS\lib\</path>
         <kind>archive</kind>
         <file>rts2800_fpu32_eabi.lib</file>
         <name>copy_decompress_lzss.c.obj</name>
      </input_file>
      <input_file id="fl-2c">
         <path>C:\ti\ccs2050\ccs\tools\compiler\ti-cgt-c2000_25.11.0.LTS\lib\</path>
         <kind>archive</kind>
         <file>rts2800_fpu32_eabi.lib</file>
         <name>exit.c.obj</name>
      </input_file>
      <input_file id="fl-2d">
         <path>C:\ti\ccs2050\ccs\tools\compiler\ti-cgt-c2000_25.11.0.LTS\lib\</path>
         <kind>archive</kind>
         <file>rts2800_fpu32_eabi.lib</file>
         <name>_lock.c.obj</name>
      </input_file>
      <input_file id="fl-2e">
         <path>C:\ti\ccs2050\ccs\tools\compiler\ti-cgt-c2000_25.11.0.LTS\lib\</path>
         <kind>archive</kind>
         <file>rts2800_fpu32_eabi.lib</file>
         <name>args_main.c.obj</name>
      </input_file>
      <input_file id="fl-2f">
         <path>C:\ti\ccs2050\ccs\tools\compiler\ti-cgt-c2000_25.11.0.LTS\lib\</path>
         <kind>archive</kind>
         <file>rts2800_fpu32_eabi.lib</file>
         <name>memset.c.obj</name>
      </input_file>
      <input_file id="fl-30">
         <path>C:\ti\ccs2050\ccs\tools\compiler\ti-cgt-c2000_25.11.0.LTS\lib\</path>
         <kind>archive</kind>
         <file>rts2800_fpu32_eabi.lib</file>
         <name>cpy_tbl.c.obj</name>
      </input_file>
      <input_file id="fl-31">
         <path>C:\ti\ccs2050\ccs\tools\compiler\ti-cgt-c2000_25.11.0.LTS\lib\</path>
         <kind>archive</kind>
         <file>rts2800_fpu32_eabi.lib</file>
         <name>memcpy.c.obj</name>
      </input_file>
      <input_file id="fl-32">
         <path>C:\ti\ccs2050\ccs\tools\compiler\ti-cgt-c2000_25.11.0.LTS\lib\</path>
         <kind>archive</kind>
         <file>rts2800_fpu32_eabi.lib</file>
         <name>startup.c.obj</name>
      </input_file>
      <input_file id="fl-33">
         <path>C:\ti\C2000Ware_26_00_00_00\libraries\math\CLAmath\c28\lib\</path>
         <kind>archive</kind>
         <file>cla1_math_library_fpu32_eabi.lib</file>
         <name>CLAsin.obj</name>
      </input_file>
      <input_file id="fl-34">
         <path>C:\ti\C2000Ware_26_00_00_00\libraries\math\CLAmath\c28\lib\</path>
         <kind>archive</kind>
         <file>cla1_math_library_fpu32_eabi.lib</file>
         <name>CLAsincosTable.obj</name>
      </input_file>
   </input_file_list>
   <object_component_list>
      <object_component id="oc-2f">
         <name>codestart</name>
         <load_address>0x0</load_address>
         <readonly>true</readonly>
         <executable>true</executable>
         <run_address>0x0</run_address>
         <size>0x2</size>
         <alignment>0x1</alignment>
         <input_file_ref idref="fl-6"/>
      </object_component>
      <object_component id="oc-263">
         <name>.text:SysCtl_setClock</name>
         <load_address>0xf000</load_address>
         <readonly>true</readonly>
         <executable>true</executable>
         <run_address>0xf000</run_address>
         <size>0x209</size>
         <alignment>0x1</alignment>
         <input_file_ref idref="fl-18"/>
      </object_component>
      <object_component id="oc-299">
         <name>.text:MEMCFG_init</name>
         <load_address>0xf209</load_address>
         <readonly>true</readonly>
         <executable>true</executable>
         <run_address>0xf209</run_address>
         <size>0x143</size>
         <alignment>0x1</alignment>
         <input_file_ref idref="fl-4"/>
      </object_component>
      <object_component id="oc-282">
         <name>.text:Device_enableAllPeripherals</name>
         <load_address>0xf34c</load_address>
         <readonly>true</readonly>
         <executable>true</executable>
         <run_address>0xf34c</run_address>
         <size>0xeb</size>
         <alignment>0x1</alignment>
         <input_file_ref idref="fl-7"/>
      </object_component>
      <object_component id="oc-1ea">
         <name>.text:main</name>
         <load_address>0xf437</load_address>
         <readonly>true</readonly>
         <executable>true</executable>
         <run_address>0xf437</run_address>
         <size>0xb7</size>
         <alignment>0x1</alignment>
         <input_file_ref idref="fl-2"/>
      </object_component>
      <object_component id="oc-34d">
         <name>.text:SysCtl_selectXTAL</name>
         <load_address>0xf4ee</load_address>
         <readonly>true</readonly>
         <executable>true</executable>
         <run_address>0xf4ee</run_address>
         <size>0x90</size>
         <alignment>0x1</alignment>
         <input_file_ref idref="fl-18"/>
      </object_component>
      <object_component id="oc-324">
         <name>.text:MemCfg_setProtection</name>
         <load_address>0xf57e</load_address>
         <readonly>true</readonly>
         <executable>true</executable>
         <run_address>0xf57e</run_address>
         <size>0x8b</size>
         <alignment>0x1</alignment>
         <input_file_ref idref="fl-16"/>
      </object_component>
      <object_component id="oc-2e5">
         <name>.text</name>
         <load_address>0xf609</load_address>
         <readonly>true</readonly>
         <executable>true</executable>
         <run_address>0xf609</run_address>
         <size>0x88</size>
         <alignment>0x1</alignment>
         <input_file_ref idref="fl-25"/>
      </object_component>
      <object_component id="oc-257">
         <name>.text:SysCtl_getDeviceParametric</name>
         <load_address>0xf691</load_address>
         <readonly>true</readonly>
         <executable>true</executable>
         <run_address>0xf691</run_address>
         <size>0x68</size>
         <alignment>0x1</alignment>
         <input_file_ref idref="fl-18"/>
      </object_component>
      <object_component id="oc-2f8">
         <name>.text:GPIO_setPadConfig</name>
         <load_address>0xf6f9</load_address>
         <readonly>true</readonly>
         <executable>true</executable>
         <run_address>0xf6f9</run_address>
         <size>0x52</size>
         <alignment>0x1</alignment>
         <input_file_ref idref="fl-14"/>
      </object_component>
      <object_component id="oc-26f">
         <name>.text:SysCtl_getClock</name>
         <load_address>0xf74b</load_address>
         <readonly>true</readonly>
         <executable>true</executable>
         <run_address>0xf74b</run_address>
         <size>0x51</size>
         <alignment>0x1</alignment>
         <input_file_ref idref="fl-18"/>
      </object_component>
      <object_component id="oc-34">
         <name>.text:INT_SCI0_RX_ISR</name>
         <load_address>0xf79c</load_address>
         <readonly>true</readonly>
         <executable>true</executable>
         <run_address>0xf79c</run_address>
         <size>0x4c</size>
         <alignment>0x1</alignment>
         <input_file_ref idref="fl-2"/>
      </object_component>
      <object_component id="oc-2d8">
         <name>.text:SysCtl_selectOscSource</name>
         <load_address>0xf7e8</load_address>
         <readonly>true</readonly>
         <executable>true</executable>
         <run_address>0xf7e8</run_address>
         <size>0x48</size>
         <alignment>0x1</alignment>
         <input_file_ref idref="fl-18"/>
      </object_component>
      <object_component id="oc-9c">
         <name>.text:SCI_clearInterruptStatus</name>
         <load_address>0xf830</load_address>
         <readonly>true</readonly>
         <executable>true</executable>
         <run_address>0xf830</run_address>
         <size>0x45</size>
         <alignment>0x1</alignment>
         <input_file_ref idref="fl-17"/>
      </object_component>
      <object_component id="oc-3c0">
         <name>.text:SCI_enableInterrupt</name>
         <load_address>0xf875</load_address>
         <readonly>true</readonly>
         <executable>true</executable>
         <run_address>0xf875</run_address>
         <size>0x44</size>
         <alignment>0x1</alignment>
         <input_file_ref idref="fl-17"/>
      </object_component>
      <object_component id="oc-33e">
         <name>.text:SCI0_init</name>
         <load_address>0xf8b9</load_address>
         <readonly>true</readonly>
         <executable>true</executable>
         <run_address>0xf8b9</run_address>
         <size>0x43</size>
         <alignment>0x1</alignment>
         <input_file_ref idref="fl-4"/>
      </object_component>
      <object_component id="oc-146">
         <name>.text:SCI_writeCharArray</name>
         <load_address>0xf8fc</load_address>
         <readonly>true</readonly>
         <executable>true</executable>
         <run_address>0xf8fc</run_address>
         <size>0x41</size>
         <alignment>0x1</alignment>
         <input_file_ref idref="fl-17"/>
      </object_component>
      <object_component id="oc-21a">
         <name>.text:Device_init</name>
         <load_address>0xf93d</load_address>
         <readonly>true</readonly>
         <executable>true</executable>
         <run_address>0xf93d</run_address>
         <size>0x40</size>
         <alignment>0x1</alignment>
         <input_file_ref idref="fl-7"/>
      </object_component>
      <object_component id="oc-3ae">
         <name>.text:SCI_setConfig</name>
         <load_address>0xf97d</load_address>
         <readonly>true</readonly>
         <executable>true</executable>
         <run_address>0xf97d</run_address>
         <size>0x3e</size>
         <alignment>0x1</alignment>
         <input_file_ref idref="fl-17"/>
      </object_component>
      <object_component id="oc-220">
         <name>.text:Interrupt_initModule</name>
         <load_address>0xf9bb</load_address>
         <readonly>true</readonly>
         <executable>true</executable>
         <run_address>0xf9bb</run_address>
         <size>0x3d</size>
         <alignment>0x1</alignment>
         <input_file_ref idref="fl-15"/>
      </object_component>
      <object_component id="oc-10a">
         <name>.text:SCI_readCharArray</name>
         <load_address>0xf9f8</load_address>
         <readonly>true</readonly>
         <executable>true</executable>
         <run_address>0xf9f8</run_address>
         <size>0x3b</size>
         <alignment>0x1</alignment>
         <input_file_ref idref="fl-17"/>
      </object_component>
      <object_component id="oc-306">
         <name>.text:MemCfg_setLSRAMControllerSel</name>
         <load_address>0xfa33</load_address>
         <readonly>true</readonly>
         <executable>true</executable>
         <run_address>0xfa33</run_address>
         <size>0x39</size>
         <alignment>0x1</alignment>
         <input_file_ref idref="fl-16"/>
      </object_component>
      <object_component id="oc-2f2">
         <name>.text:GPIO_setPinConfig</name>
         <load_address>0xfa6c</load_address>
         <readonly>true</readonly>
         <executable>true</executable>
         <run_address>0xfa6c</run_address>
         <size>0x37</size>
         <alignment>0x1</alignment>
         <input_file_ref idref="fl-14"/>
      </object_component>
      <object_component id="oc-2fe">
         <name>.text:GPIO_setQualificationMode</name>
         <load_address>0xfaa3</load_address>
         <readonly>true</readonly>
         <executable>true</executable>
         <run_address>0xfaa3</run_address>
         <size>0x37</size>
         <alignment>0x1</alignment>
         <input_file_ref idref="fl-14"/>
      </object_component>
      <object_component id="oc-b0">
         <name>.text:Interrupt_enable</name>
         <load_address>0xfada</load_address>
         <readonly>true</readonly>
         <executable>true</executable>
         <run_address>0xfada</run_address>
         <size>0x37</size>
         <alignment>0x1</alignment>
         <input_file_ref idref="fl-15"/>
      </object_component>
      <object_component id="oc-40">
         <name>.text:cla1Isr1</name>
         <load_address>0xfb11</load_address>
         <readonly>true</readonly>
         <executable>true</executable>
         <run_address>0xfb11</run_address>
         <size>0x36</size>
         <alignment>0x1</alignment>
         <input_file_ref idref="fl-2"/>
      </object_component>
      <object_component id="oc-46">
         <name>.text:INT_myCPUTIMER0_ISR</name>
         <load_address>0xfb47</load_address>
         <readonly>true</readonly>
         <executable>true</executable>
         <run_address>0xfb47</run_address>
         <size>0x33</size>
         <alignment>0x1</alignment>
         <input_file_ref idref="fl-2"/>
      </object_component>
      <object_component id="oc-25d">
         <name>.text:Device_configureTMXAnalogTrim</name>
         <load_address>0xfb7a</load_address>
         <readonly>true</readonly>
         <executable>true</executable>
         <run_address>0xfb7a</run_address>
         <size>0x31</size>
         <alignment>0x1</alignment>
         <input_file_ref idref="fl-7"/>
      </object_component>
      <object_component id="oc-90">
         <name>.text:protocolReceiveData</name>
         <load_address>0xfbab</load_address>
         <readonly>true</readonly>
         <executable>true</executable>
         <run_address>0xfbab</run_address>
         <size>0x31</size>
         <alignment>0x1</alignment>
         <input_file_ref idref="fl-8"/>
      </object_component>
      <object_component id="oc-22">
         <name>.text:decompress:lzss</name>
         <load_address>0xfbdc</load_address>
         <readonly>true</readonly>
         <executable>true</executable>
         <run_address>0xfbdc</run_address>
         <size>0x2e</size>
         <alignment>0x1</alignment>
         <input_file_ref idref="fl-2b"/>
      </object_component>
      <object_component id="oc-1ba">
         <name>.text:__TI_auto_init_nobinit_nopinit</name>
         <load_address>0xfc0a</load_address>
         <readonly>true</readonly>
         <executable>true</executable>
         <run_address>0xfc0a</run_address>
         <size>0x2b</size>
         <alignment>0x1</alignment>
         <input_file_ref idref="fl-28"/>
      </object_component>
      <object_component id="oc-17d">
         <name>.text</name>
         <load_address>0xfc35</load_address>
         <readonly>true</readonly>
         <executable>true</executable>
         <run_address>0xfc35</run_address>
         <size>0x29</size>
         <alignment>0x1</alignment>
         <input_file_ref idref="fl-2c"/>
      </object_component>
      <object_component id="oc-3eb">
         <name>.text:CPUTimer_selectClockSource</name>
         <load_address>0xfc5e</load_address>
         <readonly>true</readonly>
         <executable>true</executable>
         <run_address>0xfc5e</run_address>
         <size>0x28</size>
         <alignment>0x1</alignment>
         <input_file_ref idref="fl-18"/>
      </object_component>
      <object_component id="oc-d9">
         <name>.text:CLA_setTriggerSource</name>
         <load_address>0xfc86</load_address>
         <readonly>true</readonly>
         <executable>true</executable>
         <run_address>0xfc86</run_address>
         <size>0x26</size>
         <alignment>0x1</alignment>
         <input_file_ref idref="fl-12"/>
      </object_component>
      <object_component id="oc-312">
         <name>.text:MemCfg_setGSRAMControllerSel</name>
         <load_address>0xfcac</load_address>
         <readonly>true</readonly>
         <executable>true</executable>
         <run_address>0xfcac</run_address>
         <size>0x26</size>
         <alignment>0x1</alignment>
         <input_file_ref idref="fl-16"/>
      </object_component>
      <object_component id="oc-3c6">
         <name>.text:SCI_setFIFOInterruptLevel</name>
         <load_address>0xfcd2</load_address>
         <readonly>true</readonly>
         <executable>true</executable>
         <run_address>0xfcd2</run_address>
         <size>0x26</size>
         <alignment>0x1</alignment>
         <input_file_ref idref="fl-4"/>
      </object_component>
      <object_component id="oc-3a">
         <name>.text:INTERRUPT_init</name>
         <load_address>0xfcf8</load_address>
         <readonly>true</readonly>
         <executable>true</executable>
         <run_address>0xfcf8</run_address>
         <size>0x25</size>
         <alignment>0x1</alignment>
         <input_file_ref idref="fl-4"/>
      </object_component>
      <object_component id="oc-30c">
         <name>.text:MemCfg_setCLAMemType</name>
         <load_address>0xfd1d</load_address>
         <readonly>true</readonly>
         <executable>true</executable>
         <run_address>0xfd1d</run_address>
         <size>0x24</size>
         <alignment>0x1</alignment>
         <input_file_ref idref="fl-4"/>
      </object_component>
      <object_component id="oc-337">
         <name>.text:myCPUTIMER0_init</name>
         <load_address>0xfd41</load_address>
         <readonly>true</readonly>
         <executable>true</executable>
         <run_address>0xfd41</run_address>
         <size>0x24</size>
         <alignment>0x1</alignment>
         <input_file_ref idref="fl-4"/>
      </object_component>
      <object_component id="oc-bb">
         <name>.text:protocolSendData</name>
         <load_address>0xfd65</load_address>
         <readonly>true</readonly>
         <executable>true</executable>
         <run_address>0xfd65</run_address>
         <size>0x22</size>
         <alignment>0x1</alignment>
         <input_file_ref idref="fl-8"/>
      </object_component>
      <object_component id="oc-184">
         <name>.text:SCI_isFIFOEnabled</name>
         <load_address>0xfd87</load_address>
         <readonly>true</readonly>
         <executable>true</executable>
         <run_address>0xfd87</run_address>
         <size>0x20</size>
         <alignment>0x1</alignment>
         <input_file_ref idref="fl-17"/>
      </object_component>
      <object_component id="oc-73">
         <name>.text</name>
         <load_address>0xfda7</load_address>
         <readonly>true</readonly>
         <executable>true</executable>
         <run_address>0xfda7</run_address>
         <size>0x20</size>
         <alignment>0x1</alignment>
         <input_file_ref idref="fl-31"/>
      </object_component>
      <object_component id="oc-44f">
         <name>.text:CPUTimer_getTimerOverflowStatus</name>
         <load_address>0xfdc7</load_address>
         <readonly>true</readonly>
         <executable>true</executable>
         <run_address>0xfdc7</run_address>
         <size>0x1f</size>
         <alignment>0x1</alignment>
         <input_file_ref idref="fl-18"/>
      </object_component>
      <object_component id="oc-28d">
         <name>.text:PinMux_init</name>
         <load_address>0xfde6</load_address>
         <readonly>true</readonly>
         <executable>true</executable>
         <run_address>0xfde6</run_address>
         <size>0x1f</size>
         <alignment>0x1</alignment>
         <input_file_ref idref="fl-4"/>
      </object_component>
      <object_component id="oc-5e">
         <name>.text:Interrupt_initVectorTable</name>
         <load_address>0xfe05</load_address>
         <readonly>true</readonly>
         <executable>true</executable>
         <run_address>0xfe05</run_address>
         <size>0x1e</size>
         <alignment>0x1</alignment>
         <input_file_ref idref="fl-15"/>
      </object_component>
      <object_component id="oc-3cc">
         <name>.text:SCI_enableFIFO</name>
         <load_address>0xfe23</load_address>
         <readonly>true</readonly>
         <executable>true</executable>
         <run_address>0xfe23</run_address>
         <size>0x1d</size>
         <alignment>0x1</alignment>
         <input_file_ref idref="fl-4"/>
      </object_component>
      <object_component id="oc-426">
         <name>.text:SCI_isBaseValid</name>
         <load_address>0xfe40</load_address>
         <readonly>true</readonly>
         <executable>true</executable>
         <run_address>0xfe40</run_address>
         <size>0x1b</size>
         <alignment>0x1</alignment>
         <input_file_ref idref="fl-4"/>
      </object_component>
      <object_component id="oc-120">
         <name>.text:SCI_isBaseValid</name>
         <load_address>0xfe5b</load_address>
         <readonly>true</readonly>
         <executable>true</executable>
         <run_address>0xfe5b</run_address>
         <size>0x1b</size>
         <alignment>0x1</alignment>
         <input_file_ref idref="fl-17"/>
      </object_component>
      <object_component id="oc-38f">
         <name>.text:CPUTimer_startTimer</name>
         <load_address>0xfe76</load_address>
         <readonly>true</readonly>
         <executable>true</executable>
         <run_address>0xfe76</run_address>
         <size>0x1a</size>
         <alignment>0x1</alignment>
         <input_file_ref idref="fl-4"/>
      </object_component>
      <object_component id="oc-3f7">
         <name>.text:CPUTimer_startTimer</name>
         <load_address>0xfe90</load_address>
         <readonly>true</readonly>
         <executable>true</executable>
         <run_address>0xfe90</run_address>
         <size>0x1a</size>
         <alignment>0x1</alignment>
         <input_file_ref idref="fl-18"/>
      </object_component>
      <object_component id="oc-190">
         <name>.text:SCI_isDataAvailableNonFIFO</name>
         <load_address>0xfeaa</load_address>
         <readonly>true</readonly>
         <executable>true</executable>
         <run_address>0xfeaa</run_address>
         <size>0x1a</size>
         <alignment>0x1</alignment>
         <input_file_ref idref="fl-17"/>
      </object_component>
      <object_component id="oc-1aa">
         <name>.text:SCI_isSpaceAvailableNonFIFO</name>
         <load_address>0xfec4</load_address>
         <readonly>true</readonly>
         <executable>true</executable>
         <run_address>0xfec4</run_address>
         <size>0x1a</size>
         <alignment>0x1</alignment>
         <input_file_ref idref="fl-17"/>
      </object_component>
      <object_component id="oc-276">
         <name>.text:SysCtl_getLowSpeedClock</name>
         <load_address>0xfede</load_address>
         <readonly>true</readonly>
         <executable>true</executable>
         <run_address>0xfede</run_address>
         <size>0x1a</size>
         <alignment>0x1</alignment>
         <input_file_ref idref="fl-18"/>
      </object_component>
      <object_component id="oc-430">
         <name>.text:SCI_disableModule</name>
         <load_address>0xfef8</load_address>
         <readonly>true</readonly>
         <executable>true</executable>
         <run_address>0xfef8</run_address>
         <size>0x18</size>
         <alignment>0x1</alignment>
         <input_file_ref idref="fl-17"/>
      </object_component>
      <object_component id="oc-3ba">
         <name>.text:SCI_performSoftwareReset</name>
         <load_address>0xff10</load_address>
         <readonly>true</readonly>
         <executable>true</executable>
         <run_address>0xff10</run_address>
         <size>0x18</size>
         <alignment>0x1</alignment>
         <input_file_ref idref="fl-4"/>
      </object_component>
      <object_component id="oc-127">
         <name>.text:SCI_performSoftwareReset</name>
         <load_address>0xff28</load_address>
         <readonly>true</readonly>
         <executable>true</executable>
         <run_address>0xff28</run_address>
         <size>0x18</size>
         <alignment>0x1</alignment>
         <input_file_ref idref="fl-17"/>
      </object_component>
      <object_component id="oc-3a8">
         <name>.text:SCI_resetChannels</name>
         <load_address>0xff40</load_address>
         <readonly>true</readonly>
         <executable>true</executable>
         <run_address>0xff40</run_address>
         <size>0x18</size>
         <alignment>0x1</alignment>
         <input_file_ref idref="fl-4"/>
      </object_component>
      <object_component id="oc-3a2">
         <name>.text:SCI_resetRxFIFO</name>
         <load_address>0xff58</load_address>
         <readonly>true</readonly>
         <executable>true</executable>
         <run_address>0xff58</run_address>
         <size>0x18</size>
         <alignment>0x1</alignment>
         <input_file_ref idref="fl-4"/>
      </object_component>
      <object_component id="oc-39c">
         <name>.text:SCI_resetTxFIFO</name>
         <load_address>0xff70</load_address>
         <readonly>true</readonly>
         <executable>true</executable>
         <run_address>0xff70</run_address>
         <size>0x18</size>
         <alignment>0x1</alignment>
         <input_file_ref idref="fl-4"/>
      </object_component>
      <object_component id="oc-2ca">
         <name>.text:SysCtl_disablePeripheral</name>
         <load_address>0xff88</load_address>
         <readonly>true</readonly>
         <executable>true</executable>
         <run_address>0xff88</run_address>
         <size>0x18</size>
         <alignment>0x1</alignment>
         <input_file_ref idref="fl-7"/>
      </object_component>
      <object_component id="oc-41a">
         <name>.text:CPUTimer_isBaseValid</name>
         <load_address>0xffa0</load_address>
         <readonly>true</readonly>
         <executable>true</executable>
         <run_address>0xffa0</run_address>
         <size>0x17</size>
         <alignment>0x1</alignment>
         <input_file_ref idref="fl-4"/>
      </object_component>
      <object_component id="oc-411">
         <name>.text:CPUTimer_isBaseValid</name>
         <load_address>0xffb7</load_address>
         <readonly>true</readonly>
         <executable>true</executable>
         <run_address>0xffb7</run_address>
         <size>0x17</size>
         <alignment>0x1</alignment>
         <input_file_ref idref="fl-13"/>
      </object_component>
      <object_component id="oc-443">
         <name>.text:CPUTimer_isBaseValid</name>
         <load_address>0xffce</load_address>
         <readonly>true</readonly>
         <executable>true</executable>
         <run_address>0xffce</run_address>
         <size>0x17</size>
         <alignment>0x1</alignment>
         <input_file_ref idref="fl-18"/>
      </object_component>
      <object_component id="oc-371">
         <name>.text:CPUTimer_setPreScaler</name>
         <load_address>0xffe5</load_address>
         <readonly>true</readonly>
         <executable>true</executable>
         <run_address>0xffe5</run_address>
         <size>0x17</size>
         <alignment>0x1</alignment>
         <input_file_ref idref="fl-4"/>
      </object_component>
      <object_component id="oc-293">
         <name>.text:CLA_init</name>
         <load_address>0xfffc</load_address>
         <readonly>true</readonly>
         <executable>true</executable>
         <run_address>0xfffc</run_address>
         <size>0x3</size>
         <alignment>0x1</alignment>
         <input_file_ref idref="fl-4"/>
      </object_component>
      <object_component id="oc-205">
         <name>.text</name>
         <load_address>0xffff</load_address>
         <readonly>true</readonly>
         <executable>true</executable>
         <run_address>0xffff</run_address>
         <size>0x1</size>
         <alignment>0x1</alignment>
         <input_file_ref idref="fl-32"/>
      </object_component>
      <object_component id="oc-2c4">
         <name>.text:SysCtl_enablePeripheral</name>
         <load_address>0x10000</load_address>
         <readonly>true</readonly>
         <executable>true</executable>
         <run_address>0x10000</run_address>
         <size>0x17</size>
         <alignment>0x1</alignment>
         <input_file_ref idref="fl-7"/>
      </object_component>
      <object_component id="oc-102">
         <name>.text</name>
         <load_address>0x10017</load_address>
         <readonly>true</readonly>
         <executable>true</executable>
         <run_address>0x10017</run_address>
         <size>0x17</size>
         <alignment>0x1</alignment>
         <input_file_ref idref="fl-24"/>
      </object_component>
      <object_component id="oc-e5">
         <name>.text:CLA_enableTasks</name>
         <load_address>0x1002e</load_address>
         <readonly>true</readonly>
         <executable>true</executable>
         <run_address>0x1002e</run_address>
         <size>0x16</size>
         <alignment>0x1</alignment>
         <input_file_ref idref="fl-4"/>
      </object_component>
      <object_component id="oc-96">
         <name>.text:CLA_forceTasks</name>
         <load_address>0x10044</load_address>
         <readonly>true</readonly>
         <executable>true</executable>
         <run_address>0x10044</run_address>
         <size>0x16</size>
         <alignment>0x1</alignment>
         <input_file_ref idref="fl-2"/>
      </object_component>
      <object_component id="oc-d3">
         <name>.text:CLA_mapTaskVector</name>
         <load_address>0x1005a</load_address>
         <readonly>true</readonly>
         <executable>true</executable>
         <run_address>0x1005a</run_address>
         <size>0x16</size>
         <alignment>0x1</alignment>
         <input_file_ref idref="fl-4"/>
      </object_component>
      <object_component id="oc-58">
         <name>.text:Interrupt_defaultHandler</name>
         <load_address>0x10070</load_address>
         <readonly>true</readonly>
         <executable>true</executable>
         <run_address>0x10070</run_address>
         <size>0x16</size>
         <alignment>0x1</alignment>
         <input_file_ref idref="fl-15"/>
      </object_component>
      <object_component id="oc-df">
         <name>.text:CLA_enableIACK</name>
         <load_address>0x10086</load_address>
         <readonly>true</readonly>
         <executable>true</executable>
         <run_address>0x10086</run_address>
         <size>0x15</size>
         <alignment>0x1</alignment>
         <input_file_ref idref="fl-4"/>
      </object_component>
      <object_component id="oc-37d">
         <name>.text:CPUTimer_enableInterrupt</name>
         <load_address>0x1009b</load_address>
         <readonly>true</readonly>
         <executable>true</executable>
         <run_address>0x1009b</run_address>
         <size>0x15</size>
         <alignment>0x1</alignment>
         <input_file_ref idref="fl-4"/>
      </object_component>
      <object_component id="oc-52">
         <name>.text:myCLA0_init</name>
         <load_address>0x100b0</load_address>
         <readonly>true</readonly>
         <executable>true</executable>
         <run_address>0x100b0</run_address>
         <size>0x15</size>
         <alignment>0x1</alignment>
         <input_file_ref idref="fl-4"/>
      </object_component>
      <object_component id="oc-389">
         <name>.text:CPUTimer_reloadTimerCounter</name>
         <load_address>0x100c5</load_address>
         <readonly>true</readonly>
         <executable>true</executable>
         <run_address>0x100c5</run_address>
         <size>0x14</size>
         <alignment>0x1</alignment>
         <input_file_ref idref="fl-4"/>
      </object_component>
      <object_component id="oc-383">
         <name>.text:CPUTimer_stopTimer</name>
         <load_address>0x100d9</load_address>
         <readonly>true</readonly>
         <executable>true</executable>
         <run_address>0x100d9</run_address>
         <size>0x14</size>
         <alignment>0x1</alignment>
         <input_file_ref idref="fl-4"/>
      </object_component>
      <object_component id="oc-3df">
         <name>.text:CPUTimer_stopTimer</name>
         <load_address>0x100ed</load_address>
         <readonly>true</readonly>
         <executable>true</executable>
         <run_address>0x100ed</run_address>
         <size>0x14</size>
         <alignment>0x1</alignment>
         <input_file_ref idref="fl-18"/>
      </object_component>
      <object_component id="oc-18a">
         <name>.text:SCI_getRxFIFOStatus</name>
         <load_address>0x10101</load_address>
         <readonly>true</readonly>
         <executable>true</executable>
         <run_address>0x10101</run_address>
         <size>0x14</size>
         <alignment>0x1</alignment>
         <input_file_ref idref="fl-17"/>
      </object_component>
      <object_component id="oc-1a4">
         <name>.text:SCI_getTxFIFOStatus</name>
         <load_address>0x10115</load_address>
         <readonly>true</readonly>
         <executable>true</executable>
         <run_address>0x10115</run_address>
         <size>0x14</size>
         <alignment>0x1</alignment>
         <input_file_ref idref="fl-17"/>
      </object_component>
      <object_component id="oc-27c">
         <name>.text:SysCtl_deviceCal</name>
         <load_address>0x10129</load_address>
         <readonly>true</readonly>
         <executable>true</executable>
         <run_address>0x10129</run_address>
         <size>0x14</size>
         <alignment>0x1</alignment>
         <input_file_ref idref="fl-7"/>
      </object_component>
      <object_component id="oc-36b">
         <name>.text:CPUTimer_setEmulationMode</name>
         <load_address>0x1013d</load_address>
         <readonly>true</readonly>
         <executable>true</executable>
         <run_address>0x1013d</run_address>
         <size>0x13</size>
         <alignment>0x1</alignment>
         <input_file_ref idref="fl-13"/>
      </object_component>
      <object_component id="oc-396">
         <name>.text:SCI_clearOverflowStatus</name>
         <load_address>0x10150</load_address>
         <readonly>true</readonly>
         <executable>true</executable>
         <run_address>0x10150</run_address>
         <size>0x13</size>
         <alignment>0x1</alignment>
         <input_file_ref idref="fl-4"/>
      </object_component>
      <object_component id="oc-3d2">
         <name>.text:SCI_enableModule</name>
         <load_address>0x10163</load_address>
         <readonly>true</readonly>
         <executable>true</executable>
         <run_address>0x10163</run_address>
         <size>0x13</size>
         <alignment>0x1</alignment>
         <input_file_ref idref="fl-4"/>
      </object_component>
      <object_component id="oc-436">
         <name>.text:SCI_enableModule</name>
         <load_address>0x10176</load_address>
         <readonly>true</readonly>
         <executable>true</executable>
         <run_address>0x10176</run_address>
         <size>0x13</size>
         <alignment>0x1</alignment>
         <input_file_ref idref="fl-17"/>
      </object_component>
      <object_component id="oc-3f1">
         <name>.text:CPUTimer_clearOverflowFlag</name>
         <load_address>0x10189</load_address>
         <readonly>true</readonly>
         <executable>true</executable>
         <run_address>0x10189</run_address>
         <size>0x12</size>
         <alignment>0x1</alignment>
         <input_file_ref idref="fl-18"/>
      </object_component>
      <object_component id="oc-3d9">
         <name>.text:CPUTimer_disableInterrupt</name>
         <load_address>0x1019b</load_address>
         <readonly>true</readonly>
         <executable>true</executable>
         <run_address>0x1019b</run_address>
         <size>0x12</size>
         <alignment>0x1</alignment>
         <input_file_ref idref="fl-18"/>
      </object_component>
      <object_component id="oc-177">
         <name>.text</name>
         <load_address>0x101ad</load_address>
         <readonly>true</readonly>
         <executable>true</executable>
         <run_address>0x101ad</run_address>
         <size>0x12</size>
         <alignment>0x1</alignment>
         <input_file_ref idref="fl-2e"/>
      </object_component>
      <object_component id="oc-377">
         <name>.text:CPUTimer_setPeriod</name>
         <load_address>0x101bf</load_address>
         <readonly>true</readonly>
         <executable>true</executable>
         <run_address>0x101bf</run_address>
         <size>0x11</size>
         <alignment>0x1</alignment>
         <input_file_ref idref="fl-4"/>
      </object_component>
      <object_component id="oc-3e5">
         <name>.text:CPUTimer_setPeriod</name>
         <load_address>0x101d0</load_address>
         <readonly>true</readonly>
         <executable>true</executable>
         <run_address>0x101d0</run_address>
         <size>0x11</size>
         <alignment>0x1</alignment>
         <input_file_ref idref="fl-18"/>
      </object_component>
      <object_component id="oc-3b4">
         <name>.text:SCI_disableLoopback</name>
         <load_address>0x101e1</load_address>
         <readonly>true</readonly>
         <executable>true</executable>
         <run_address>0x101e1</run_address>
         <size>0x11</size>
         <alignment>0x1</alignment>
         <input_file_ref idref="fl-4"/>
      </object_component>
      <object_component id="oc-226">
         <name>.text:Board_init</name>
         <load_address>0x101f2</load_address>
         <readonly>true</readonly>
         <executable>true</executable>
         <run_address>0x101f2</run_address>
         <size>0xf</size>
         <alignment>0x1</alignment>
         <input_file_ref idref="fl-4"/>
      </object_component>
      <object_component id="oc-159">
         <name>.text:CLA_isBaseValid</name>
         <load_address>0x10201</load_address>
         <readonly>true</readonly>
         <executable>true</executable>
         <run_address>0x10201</run_address>
         <size>0xf</size>
         <alignment>0x1</alignment>
         <input_file_ref idref="fl-4"/>
      </object_component>
      <object_component id="oc-112">
         <name>.text:CLA_isBaseValid</name>
         <load_address>0x10210</load_address>
         <readonly>true</readonly>
         <executable>true</executable>
         <run_address>0x10210</run_address>
         <size>0xf</size>
         <alignment>0x1</alignment>
         <input_file_ref idref="fl-2"/>
      </object_component>
      <object_component id="oc-aa">
         <name>.text:Interrupt_register</name>
         <load_address>0x1021f</load_address>
         <readonly>true</readonly>
         <executable>true</executable>
         <run_address>0x1021f</run_address>
         <size>0xf</size>
         <alignment>0x1</alignment>
         <input_file_ref idref="fl-4"/>
      </object_component>
      <object_component id="oc-3fd">
         <name>.text:SysCtl_pollCpuTimer</name>
         <load_address>0x1022e</load_address>
         <readonly>true</readonly>
         <executable>true</executable>
         <run_address>0x1022e</run_address>
         <size>0xf</size>
         <alignment>0x1</alignment>
         <input_file_ref idref="fl-18"/>
      </object_component>
      <object_component id="oc-358">
         <name>.text:GPIO_isPinValid</name>
         <load_address>0x1023d</load_address>
         <readonly>true</readonly>
         <executable>true</executable>
         <run_address>0x1023d</run_address>
         <size>0xe</size>
         <alignment>0x1</alignment>
         <input_file_ref idref="fl-14"/>
      </object_component>
      <object_component id="oc-134">
         <name>.text:Interrupt_disableGlobal</name>
         <load_address>0x1024b</load_address>
         <readonly>true</readonly>
         <executable>true</executable>
         <run_address>0x1024b</run_address>
         <size>0xd</size>
         <alignment>0x1</alignment>
         <input_file_ref idref="fl-15"/>
      </object_component>
      <object_component id="oc-13a">
         <name>.text:Interrupt_enableGlobal</name>
         <load_address>0x10258</load_address>
         <readonly>true</readonly>
         <executable>true</executable>
         <run_address>0x10258</run_address>
         <size>0xd</size>
         <alignment>0x1</alignment>
         <input_file_ref idref="fl-15"/>
      </object_component>
      <object_component id="oc-269">
         <name>.text:SysCtl_setLowSpeedClock</name>
         <load_address>0x10265</load_address>
         <readonly>true</readonly>
         <executable>true</executable>
         <run_address>0x10265</run_address>
         <size>0xd</size>
         <alignment>0x1</alignment>
         <input_file_ref idref="fl-7"/>
      </object_component>
      <object_component id="oc-7b">
         <name>.text:decompress:ZI:__TI_zero_init_nomemset</name>
         <load_address>0x10272</load_address>
         <readonly>true</readonly>
         <executable>true</executable>
         <run_address>0x10272</run_address>
         <size>0xd</size>
         <alignment>0x1</alignment>
         <input_file_ref idref="fl-29"/>
      </object_component>
      <object_component id="oc-330">
         <name>.text:MemCfg_disableCorrErrorInterrupt</name>
         <load_address>0x1027f</load_address>
         <readonly>true</readonly>
         <executable>true</executable>
         <run_address>0x1027f</run_address>
         <size>0xb</size>
         <alignment>0x1</alignment>
         <input_file_ref idref="fl-4"/>
      </object_component>
      <object_component id="oc-251">
         <name>.text:SysCtl_disableWatchdog</name>
         <load_address>0x1028a</load_address>
         <readonly>true</readonly>
         <executable>true</executable>
         <run_address>0x1028a</run_address>
         <size>0xb</size>
         <alignment>0x1</alignment>
         <input_file_ref idref="fl-7"/>
      </object_component>
      <object_component id="oc-2d2">
         <name>.text:SysCtl_isMCDClockFailureDetected</name>
         <load_address>0x10295</load_address>
         <readonly>true</readonly>
         <executable>true</executable>
         <run_address>0x10295</run_address>
         <size>0xb</size>
         <alignment>0x1</alignment>
         <input_file_ref idref="fl-18"/>
      </object_component>
      <object_component id="oc-64">
         <name>.text:Interrupt_illegalOperationHandler</name>
         <load_address>0x102a0</load_address>
         <readonly>true</readonly>
         <executable>true</executable>
         <run_address>0x102a0</run_address>
         <size>0xa</size>
         <alignment>0x1</alignment>
         <input_file_ref idref="fl-15"/>
      </object_component>
      <object_component id="oc-6a">
         <name>.text:Interrupt_nmiHandler</name>
         <load_address>0x102aa</load_address>
         <readonly>true</readonly>
         <executable>true</executable>
         <run_address>0x102aa</run_address>
         <size>0xa</size>
         <alignment>0x1</alignment>
         <input_file_ref idref="fl-15"/>
      </object_component>
      <object_component id="oc-31e">
         <name>.text:MemCfg_disableROMPrefetch</name>
         <load_address>0x102b4</load_address>
         <readonly>true</readonly>
         <executable>true</executable>
         <run_address>0x102b4</run_address>
         <size>0x9</size>
         <alignment>0x1</alignment>
         <input_file_ref idref="fl-4"/>
      </object_component>
      <object_component id="oc-318">
         <name>.text:MemCfg_enableROMWaitState</name>
         <load_address>0x102bd</load_address>
         <readonly>true</readonly>
         <executable>true</executable>
         <run_address>0x102bd</run_address>
         <size>0x9</size>
         <alignment>0x1</alignment>
         <input_file_ref idref="fl-4"/>
      </object_component>
      <object_component id="oc-32a">
         <name>.text:MemCfg_setCorrErrorThreshold</name>
         <load_address>0x102c6</load_address>
         <readonly>true</readonly>
         <executable>true</executable>
         <run_address>0x102c6</run_address>
         <size>0x9</size>
         <alignment>0x1</alignment>
         <input_file_ref idref="fl-4"/>
      </object_component>
      <object_component id="oc-2df">
         <name>.text:SysCtl_serviceWatchdog</name>
         <load_address>0x102cf</load_address>
         <readonly>true</readonly>
         <executable>true</executable>
         <run_address>0x102cf</run_address>
         <size>0x9</size>
         <alignment>0x1</alignment>
         <input_file_ref idref="fl-18"/>
      </object_component>
      <object_component id="oc-23e">
         <name>.text</name>
         <load_address>0x102d8</load_address>
         <readonly>true</readonly>
         <executable>true</executable>
         <run_address>0x102d8</run_address>
         <size>0x9</size>
         <alignment>0x1</alignment>
         <input_file_ref idref="fl-2d"/>
      </object_component>
      <object_component id="oc-87">
         <name>.text</name>
         <load_address>0x102e1</load_address>
         <readonly>true</readonly>
         <executable>true</executable>
         <run_address>0x102e1</run_address>
         <size>0x8</size>
         <alignment>0x1</alignment>
         <input_file_ref idref="fl-6"/>
      </object_component>
      <object_component id="oc-28">
         <name>.text:decompress:none</name>
         <load_address>0x102e9</load_address>
         <readonly>true</readonly>
         <executable>true</executable>
         <run_address>0x102e9</run_address>
         <size>0x8</size>
         <alignment>0x1</alignment>
         <input_file_ref idref="fl-2a"/>
      </object_component>
      <object_component id="oc-403">
         <name>.text:SysCtl_resetMCD</name>
         <load_address>0x102f1</load_address>
         <readonly>true</readonly>
         <executable>true</executable>
         <run_address>0x102f1</run_address>
         <size>0x7</size>
         <alignment>0x1</alignment>
         <input_file_ref idref="fl-18"/>
      </object_component>
      <object_component id="oc-119">
         <name>.text:__error__</name>
         <load_address>0x102f8</load_address>
         <readonly>true</readonly>
         <executable>true</executable>
         <run_address>0x102f8</run_address>
         <size>0x7</size>
         <alignment>0x1</alignment>
         <input_file_ref idref="fl-7"/>
      </object_component>
      <object_component id="oc-a2">
         <name>.text:Interrupt_clearACKGroup</name>
         <load_address>0x102ff</load_address>
         <readonly>true</readonly>
         <executable>true</executable>
         <run_address>0x102ff</run_address>
         <size>0x6</size>
         <alignment>0x1</alignment>
         <input_file_ref idref="fl-2"/>
      </object_component>
      <object_component id="oc-29f">
         <name>.text:CPUTIMER_init</name>
         <load_address>0x10305</load_address>
         <readonly>true</readonly>
         <executable>true</executable>
         <run_address>0x10305</run_address>
         <size>0x3</size>
         <alignment>0x1</alignment>
         <input_file_ref idref="fl-4"/>
      </object_component>
      <object_component id="oc-2a5">
         <name>.text:SCI_init</name>
         <load_address>0x10308</load_address>
         <readonly>true</readonly>
         <executable>true</executable>
         <run_address>0x10308</run_address>
         <size>0x3</size>
         <alignment>0x1</alignment>
         <input_file_ref idref="fl-4"/>
      </object_component>
      <object_component id="oc-170">
         <name>.text</name>
         <load_address>0x1030b</load_address>
         <readonly>true</readonly>
         <executable>true</executable>
         <run_address>0x1030b</run_address>
         <size>0x2</size>
         <alignment>0x1</alignment>
         <input_file_ref idref="fl-27"/>
      </object_component>
      <object_component id="oc-498">
         <name>.cinit..data.load</name>
         <load_address>0x128</load_address>
         <readonly>true</readonly>
         <run_address>0x128</run_address>
         <size>0x11</size>
         <alignment>0x1</alignment>
      </object_component>
      <object_component id="oc-499">
         <name>.cinit.Cla1ToCpuMsgRAM.load</name>
         <load_address>0x139</load_address>
         <readonly>true</readonly>
         <run_address>0x139</run_address>
         <size>0x6</size>
         <alignment>0x1</alignment>
      </object_component>
      <object_component id="oc-49a">
         <name>.cinit.CpuToCla1MsgRAM.load</name>
         <load_address>0x13f</load_address>
         <readonly>true</readonly>
         <run_address>0x13f</run_address>
         <size>0x6</size>
         <alignment>0x1</alignment>
      </object_component>
      <object_component id="oc-496">
         <name>__TI_handler_table</name>
         <load_address>0x146</load_address>
         <readonly>true</readonly>
         <run_address>0x146</run_address>
         <size>0x6</size>
         <alignment>0x2</alignment>
      </object_component>
      <object_component id="oc-49b">
         <name>.cinit..scratchpad.load</name>
         <load_address>0x14c</load_address>
         <readonly>true</readonly>
         <run_address>0x14c</run_address>
         <size>0x4</size>
         <alignment>0x2</alignment>
      </object_component>
      <object_component id="oc-497">
         <name>__TI_cinit_table</name>
         <load_address>0x150</load_address>
         <readonly>true</readonly>
         <run_address>0x150</run_address>
         <size>0x10</size>
         <alignment>0x2</alignment>
      </object_component>
      <object_component id="oc-70">
         <name>.stack</name>
         <uninitialized>true</uninitialized>
         <readwrite>true</readwrite>
         <run_address>0x400</run_address>
         <size>0x0</size>
         <alignment>0x1</alignment>
         <input_file_ref idref="fl-24"/>
      </object_component>
      <object_component id="oc-49c">
         <name>.stack</name>
         <uninitialized>true</uninitialized>
         <readwrite>true</readwrite>
         <run_address>0x400</run_address>
         <size>0x0</size>
         <alignment>0x2</alignment>
      </object_component>
      <object_component id="oc-15f">
         <name>.const:.string</name>
         <load_address>0x9800</load_address>
         <readonly>true</readonly>
         <run_address>0x9800</run_address>
         <size>0x102</size>
         <alignment>0x2</alignment>
         <input_file_ref idref="fl-4"/>
      </object_component>
      <object_component id="oc-2d1">
         <name>.const:.string</name>
         <load_address>0x9902</load_address>
         <readonly>true</readonly>
         <run_address>0x9902</run_address>
         <size>0xc2</size>
         <alignment>0x2</alignment>
         <input_file_ref idref="fl-18"/>
      </object_component>
      <object_component id="oc-35e">
         <name>.const:.string</name>
         <load_address>0x99c4</load_address>
         <readonly>true</readonly>
         <run_address>0x99c4</run_address>
         <size>0xbc</size>
         <alignment>0x2</alignment>
         <input_file_ref idref="fl-14"/>
      </object_component>
      <object_component id="oc-126">
         <name>.const:.string</name>
         <load_address>0x9a80</load_address>
         <readonly>true</readonly>
         <run_address>0x9a80</run_address>
         <size>0xbb</size>
         <alignment>0x2</alignment>
         <input_file_ref idref="fl-17"/>
      </object_component>
      <object_component id="oc-417">
         <name>.const:.string</name>
         <load_address>0x9b3c</load_address>
         <readonly>true</readonly>
         <run_address>0x9b3c</run_address>
         <size>0x62</size>
         <alignment>0x2</alignment>
         <input_file_ref idref="fl-13"/>
      </object_component>
      <object_component id="oc-361">
         <name>.const:.string</name>
         <load_address>0x9b9e</load_address>
         <readonly>true</readonly>
         <run_address>0x9b9e</run_address>
         <size>0x60</size>
         <alignment>0x2</alignment>
         <input_file_ref idref="fl-16"/>
      </object_component>
      <object_component id="oc-118">
         <name>.const:.string</name>
         <load_address>0x9bfe</load_address>
         <readonly>true</readonly>
         <run_address>0x9bfe</run_address>
         <size>0x3e</size>
         <alignment>0x2</alignment>
         <input_file_ref idref="fl-2"/>
      </object_component>
      <object_component id="oc-275">
         <name>.const:.string</name>
         <load_address>0x9c3c</load_address>
         <readonly>true</readonly>
         <run_address>0x9c3c</run_address>
         <size>0x13</size>
         <alignment>0x2</alignment>
         <input_file_ref idref="fl-7"/>
      </object_component>
      <object_component id="oc-c2">
         <name>.data</name>
         <load_address>0x9c50</load_address>
         <readwrite>true</readwrite>
         <run_address>0x9c50</run_address>
         <size>0xc</size>
         <alignment>0x2</alignment>
         <input_file_ref idref="fl-2"/>
      </object_component>
      <object_component id="oc-235">
         <name>.data:il</name>
         <load_address>0x9c74</load_address>
         <readwrite>true</readwrite>
         <run_address>0x9c74</run_address>
         <size>0x4</size>
         <alignment>0x2</alignment>
         <input_file_ref idref="fl-2"/>
      </object_component>
      <object_component id="oc-232">
         <name>.data:S</name>
         <load_address>0x9c70</load_address>
         <readwrite>true</readwrite>
         <run_address>0x9c70</run_address>
         <size>0x4</size>
         <alignment>0x2</alignment>
         <input_file_ref idref="fl-2"/>
      </object_component>
      <object_component id="oc-22c">
         <name>.data:vt</name>
         <load_address>0x9c78</load_address>
         <readwrite>true</readwrite>
         <run_address>0x9c78</run_address>
         <size>0x4</size>
         <alignment>0x2</alignment>
         <input_file_ref idref="fl-2"/>
      </object_component>
      <object_component id="oc-22f">
         <name>.data:Si</name>
         <load_address>0x9c5c</load_address>
         <readwrite>true</readwrite>
         <run_address>0x9c5c</run_address>
         <size>0x8</size>
         <alignment>0x2</alignment>
         <input_file_ref idref="fl-2"/>
      </object_component>
      <object_component id="oc-288">
         <name>.data</name>
         <load_address>0x9c64</load_address>
         <readwrite>true</readwrite>
         <run_address>0x9c64</run_address>
         <size>0x6</size>
         <alignment>0x2</alignment>
         <input_file_ref idref="fl-7"/>
      </object_component>
      <object_component id="oc-1f2">
         <name>.data</name>
         <load_address>0x9c6a</load_address>
         <readwrite>true</readwrite>
         <run_address>0x9c6a</run_address>
         <size>0x6</size>
         <alignment>0x2</alignment>
         <input_file_ref idref="fl-2c"/>
      </object_component>
      <object_component id="oc-1f5">
         <name>.data:_lock</name>
         <load_address>0x9c7c</load_address>
         <readwrite>true</readwrite>
         <run_address>0x9c7c</run_address>
         <size>0x2</size>
         <alignment>0x2</alignment>
         <input_file_ref idref="fl-2d"/>
      </object_component>
      <object_component id="oc-2b4">
         <name>.data:_unlock</name>
         <load_address>0x9c7e</load_address>
         <readwrite>true</readwrite>
         <run_address>0x9c7e</run_address>
         <size>0x2</size>
         <alignment>0x2</alignment>
         <input_file_ref idref="fl-2d"/>
      </object_component>
      <object_component id="oc-4c">
         <name>Cla1Prog:Cla1Task1</name>
         <load_address>0xa000</load_address>
         <readonly>true</readonly>
         <executable>true</executable>
         <run_address>0xa000</run_address>
         <size>0xbe</size>
         <alignment>0x2</alignment>
         <input_file_ref idref="fl-3"/>
      </object_component>
      <object_component id="oc-c6">
         <name>Cla1Prog:_CLAsin</name>
         <load_address>0xa0be</load_address>
         <readonly>true</readonly>
         <executable>true</executable>
         <run_address>0xa0be</run_address>
         <size>0x38</size>
         <alignment>0x2</alignment>
         <input_file_ref idref="fl-33"/>
      </object_component>
      <object_component id="oc-b8">
         <name>Cla1ToCpuMsgRAM:init</name>
         <load_address>0x1480</load_address>
         <readwrite>true</readwrite>
         <run_address>0x1480</run_address>
         <size>0x12</size>
         <alignment>0x2</alignment>
         <input_file_ref idref="fl-2"/>
      </object_component>
      <object_component id="oc-ce">
         <name>Cla1ToCpuMsgRAM:uninit</name>
         <load_address>0x1492</load_address>
         <readwrite>true</readwrite>
         <run_address>0x1492</run_address>
         <size>0x2</size>
         <alignment>0x2</alignment>
         <input_file_ref idref="fl-2"/>
      </object_component>
      <object_component id="oc-8d">
         <name>CpuToCla1MsgRAM:uninit</name>
         <load_address>0x1500</load_address>
         <readwrite>true</readwrite>
         <run_address>0x1500</run_address>
         <size>0x4</size>
         <alignment>0x2</alignment>
         <input_file_ref idref="fl-2"/>
      </object_component>
      <object_component id="oc-cb">
         <name>CpuToCla1MsgRAM:init</name>
         <load_address>0x1504</load_address>
         <readwrite>true</readwrite>
         <run_address>0x1504</run_address>
         <size>0x2</size>
         <alignment>0x2</alignment>
         <input_file_ref idref="fl-2"/>
      </object_component>
      <object_component id="oc-150">
         <name>CLA1mathTables</name>
         <load_address>0x8800</load_address>
         <readonly>true</readonly>
         <run_address>0x8800</run_address>
         <size>0x156</size>
         <alignment>0x2</alignment>
         <input_file_ref idref="fl-34"/>
      </object_component>
      <object_component id="oc-14f">
         <name>.scratchpad:Cla1Prog:_CLAsin</name>
         <uninitialized>true</uninitialized>
         <readwrite>true</readwrite>
         <run_address>0x8956</run_address>
         <size>0x2</size>
         <alignment>0x2</alignment>
         <input_file_ref idref="fl-33"/>
      </object_component>
      <object_component id="oc-2de">
         <name>.TI.ramfunc</name>
         <load_address>0x123</load_address>
         <readonly>true</readonly>
         <executable>true</executable>
         <run_address>0x123</run_address>
         <size>0x4</size>
         <alignment>0x1</alignment>
         <input_file_ref idref="fl-18"/>
      </object_component>
      <object_component id="oc-a9">
         <name>.debug_types</name>
         <load_address>0x0</load_address>
         <run_address>0x0</run_address>
         <size>0x55d</size>
         <alignment>0x0</alignment>
         <input_file_ref idref="fl-2"/>
      </object_component>
      <object_component id="oc-d2">
         <name>.debug_types</name>
         <load_address>0x55d</load_address>
         <run_address>0x55d</run_address>
         <size>0xae</size>
         <alignment>0x0</alignment>
         <input_file_ref idref="fl-3"/>
      </object_component>
      <object_component id="oc-b7">
         <name>.debug_types</name>
         <load_address>0x60b</load_address>
         <run_address>0x60b</run_address>
         <size>0x1015</size>
         <alignment>0x0</alignment>
         <input_file_ref idref="fl-4"/>
      </object_component>
      <object_component id="oc-19c">
         <name>.debug_types</name>
         <load_address>0x1620</load_address>
         <run_address>0x1620</run_address>
         <size>0xf77</size>
         <alignment>0x0</alignment>
         <input_file_ref idref="fl-7"/>
      </object_component>
      <object_component id="oc-111">
         <name>.debug_types</name>
         <load_address>0x2597</load_address>
         <run_address>0x2597</run_address>
         <size>0xe3</size>
         <alignment>0x0</alignment>
         <input_file_ref idref="fl-8"/>
      </object_component>
      <object_component id="oc-162">
         <name>.debug_types</name>
         <load_address>0x0</load_address>
         <run_address>0x0</run_address>
         <size>0x0</size>
         <alignment>0x0</alignment>
         <input_file_ref idref="fl-12"/>
      </object_component>
      <object_component id="oc-419">
         <name>.debug_types</name>
         <load_address>0x267a</load_address>
         <run_address>0x267a</run_address>
         <size>0x6e</size>
         <alignment>0x0</alignment>
         <input_file_ref idref="fl-13"/>
      </object_component>
      <object_component id="oc-357">
         <name>.debug_types</name>
         <load_address>0x26e8</load_address>
         <run_address>0x26e8</run_address>
         <size>0x2c4</size>
         <alignment>0x0</alignment>
         <input_file_ref idref="fl-14"/>
      </object_component>
      <object_component id="oc-ed">
         <name>.debug_types</name>
         <load_address>0x0</load_address>
         <run_address>0x0</run_address>
         <size>0x0</size>
         <alignment>0x0</alignment>
         <input_file_ref idref="fl-15"/>
      </object_component>
      <object_component id="oc-363">
         <name>.debug_types</name>
         <load_address>0x29ac</load_address>
         <run_address>0x29ac</run_address>
         <size>0xdf</size>
         <alignment>0x0</alignment>
         <input_file_ref idref="fl-16"/>
      </object_component>
      <object_component id="oc-12e">
         <name>.debug_types</name>
         <load_address>0x2a8b</load_address>
         <run_address>0x2a8b</run_address>
         <size>0x89</size>
         <alignment>0x0</alignment>
         <input_file_ref idref="fl-17"/>
      </object_component>
      <object_component id="oc-2c3">
         <name>.debug_types</name>
         <load_address>0x2b14</load_address>
         <run_address>0x2b14</run_address>
         <size>0x21d</size>
         <alignment>0x0</alignment>
         <input_file_ref idref="fl-18"/>
      </object_component>
      <object_component id="oc-1b9">
         <name>.debug_types</name>
         <load_address>0x0</load_address>
         <run_address>0x0</run_address>
         <size>0x0</size>
         <alignment>0x0</alignment>
         <input_file_ref idref="fl-27"/>
      </object_component>
      <object_component id="oc-20c">
         <name>.debug_types</name>
         <load_address>0x2d31</load_address>
         <run_address>0x2d31</run_address>
         <size>0x49b</size>
         <alignment>0x0</alignment>
         <input_file_ref idref="fl-28"/>
      </object_component>
      <object_component id="oc-fa">
         <name>.debug_types</name>
         <load_address>0x31cc</load_address>
         <run_address>0x31cc</run_address>
         <size>0x1c8</size>
         <alignment>0x0</alignment>
         <input_file_ref idref="fl-29"/>
      </object_component>
      <object_component id="oc-7a">
         <name>.debug_types</name>
         <load_address>0x0</load_address>
         <run_address>0x0</run_address>
         <size>0x0</size>
         <alignment>0x0</alignment>
         <input_file_ref idref="fl-2a"/>
      </object_component>
      <object_component id="oc-72">
         <name>.debug_types</name>
         <load_address>0x3394</load_address>
         <run_address>0x3394</run_address>
         <size>0x191</size>
         <alignment>0x0</alignment>
         <input_file_ref idref="fl-2b"/>
      </object_component>
      <object_component id="oc-1f9">
         <name>.debug_types</name>
         <load_address>0x3525</load_address>
         <run_address>0x3525</run_address>
         <size>0xbf</size>
         <alignment>0x0</alignment>
         <input_file_ref idref="fl-2c"/>
      </object_component>
      <object_component id="oc-246">
         <name>.debug_types</name>
         <load_address>0x35e4</load_address>
         <run_address>0x35e4</run_address>
         <size>0x2f</size>
         <alignment>0x0</alignment>
         <input_file_ref idref="fl-2d"/>
      </object_component>
      <object_component id="oc-1f1">
         <name>.debug_types</name>
         <load_address>0x3613</load_address>
         <run_address>0x3613</run_address>
         <size>0xe1</size>
         <alignment>0x0</alignment>
         <input_file_ref idref="fl-2e"/>
      </object_component>
      <object_component id="oc-f5">
         <name>.debug_types</name>
         <load_address>0x36f4</load_address>
         <run_address>0x36f4</run_address>
         <size>0xb8</size>
         <alignment>0x0</alignment>
         <input_file_ref idref="fl-31"/>
      </object_component>
      <object_component id="oc-24b">
         <name>.debug_types</name>
         <load_address>0x0</load_address>
         <run_address>0x0</run_address>
         <size>0x0</size>
         <alignment>0x0</alignment>
         <input_file_ref idref="fl-32"/>
      </object_component>
      <object_component id="oc-c3">
         <name>.debug_info</name>
         <load_address>0x0</load_address>
         <run_address>0x0</run_address>
         <size>0x1de</size>
         <alignment>0x0</alignment>
         <input_file_ref idref="fl-2"/>
      </object_component>
      <object_component id="oc-8e">
         <name>.debug_info</name>
         <load_address>0x1de</load_address>
         <run_address>0x1de</run_address>
         <size>0x10a</size>
         <alignment>0x0</alignment>
         <input_file_ref idref="fl-2"/>
      </object_component>
      <object_component id="oc-cc">
         <name>.debug_info</name>
         <load_address>0x2e8</load_address>
         <run_address>0x2e8</run_address>
         <size>0xf6</size>
         <alignment>0x0</alignment>
         <input_file_ref idref="fl-2"/>
      </object_component>
      <object_component id="oc-b9">
         <name>.debug_info</name>
         <load_address>0x3de</load_address>
         <run_address>0x3de</run_address>
         <size>0x13e</size>
         <alignment>0x0</alignment>
         <input_file_ref idref="fl-2"/>
      </object_component>
      <object_component id="oc-cf">
         <name>.debug_info</name>
         <load_address>0x51c</load_address>
         <run_address>0x51c</run_address>
         <size>0xf8</size>
         <alignment>0x0</alignment>
         <input_file_ref idref="fl-2"/>
      </object_component>
      <object_component id="oc-236">
         <name>.debug_info</name>
         <load_address>0x614</load_address>
         <run_address>0x614</run_address>
         <size>0xf4</size>
         <alignment>0x0</alignment>
         <input_file_ref idref="fl-2"/>
      </object_component>
      <object_component id="oc-233">
         <name>.debug_info</name>
         <load_address>0x708</load_address>
         <run_address>0x708</run_address>
         <size>0xf2</size>
         <alignment>0x0</alignment>
         <input_file_ref idref="fl-2"/>
      </object_component>
      <object_component id="oc-22d">
         <name>.debug_info</name>
         <load_address>0x7fa</load_address>
         <run_address>0x7fa</run_address>
         <size>0xf4</size>
         <alignment>0x0</alignment>
         <input_file_ref idref="fl-2"/>
      </object_component>
      <object_component id="oc-230">
         <name>.debug_info</name>
         <load_address>0x8ee</load_address>
         <run_address>0x8ee</run_address>
         <size>0xf4</size>
         <alignment>0x0</alignment>
         <input_file_ref idref="fl-2"/>
      </object_component>
      <object_component id="oc-a6">
         <name>.debug_info</name>
         <load_address>0x9e2</load_address>
         <run_address>0x9e2</run_address>
         <size>0x196</size>
         <alignment>0x0</alignment>
         <input_file_ref idref="fl-2"/>
      </object_component>
      <object_component id="oc-116">
         <name>.debug_info</name>
         <load_address>0xb78</load_address>
         <run_address>0xb78</run_address>
         <size>0x186</size>
         <alignment>0x0</alignment>
         <input_file_ref idref="fl-2"/>
      </object_component>
      <object_component id="oc-9a">
         <name>.debug_info</name>
         <load_address>0xcfe</load_address>
         <run_address>0xcfe</run_address>
         <size>0x1cb</size>
         <alignment>0x0</alignment>
         <input_file_ref idref="fl-2"/>
      </object_component>
      <object_component id="oc-1ee">
         <name>.debug_info</name>
         <load_address>0xec9</load_address>
         <run_address>0xec9</run_address>
         <size>0x166</size>
         <alignment>0x0</alignment>
         <input_file_ref idref="fl-2"/>
      </object_component>
      <object_component id="oc-38">
         <name>.debug_info</name>
         <load_address>0x102f</load_address>
         <run_address>0x102f</run_address>
         <size>0x1a8</size>
         <alignment>0x0</alignment>
         <input_file_ref idref="fl-2"/>
      </object_component>
      <object_component id="oc-44">
         <name>.debug_info</name>
         <load_address>0x11d7</load_address>
         <run_address>0x11d7</run_address>
         <size>0x14c</size>
         <alignment>0x0</alignment>
         <input_file_ref idref="fl-2"/>
      </object_component>
      <object_component id="oc-4a">
         <name>.debug_info</name>
         <load_address>0x1323</load_address>
         <run_address>0x1323</run_address>
         <size>0x14c</size>
         <alignment>0x0</alignment>
         <input_file_ref idref="fl-2"/>
      </object_component>
      <object_component id="oc-4f">
         <name>.debug_info</name>
         <load_address>0x146f</load_address>
         <run_address>0x146f</run_address>
         <size>0x146</size>
         <alignment>0x0</alignment>
         <input_file_ref idref="fl-3"/>
      </object_component>
      <object_component id="oc-ab">
         <name>.debug_info</name>
         <load_address>0x15b5</load_address>
         <run_address>0x15b5</run_address>
         <size>0x1df</size>
         <alignment>0x0</alignment>
         <input_file_ref idref="fl-4"/>
      </object_component>
      <object_component id="oc-15a">
         <name>.debug_info</name>
         <load_address>0x1794</load_address>
         <run_address>0x1794</run_address>
         <size>0x18b</size>
         <alignment>0x0</alignment>
         <input_file_ref idref="fl-4"/>
      </object_component>
      <object_component id="oc-d4">
         <name>.debug_info</name>
         <load_address>0x191f</load_address>
         <run_address>0x191f</run_address>
         <size>0x207</size>
         <alignment>0x0</alignment>
         <input_file_ref idref="fl-4"/>
      </object_component>
      <object_component id="oc-e1">
         <name>.debug_info</name>
         <load_address>0x1b26</load_address>
         <run_address>0x1b26</run_address>
         <size>0x1a5</size>
         <alignment>0x0</alignment>
         <input_file_ref idref="fl-4"/>
      </object_component>
      <object_component id="oc-e6">
         <name>.debug_info</name>
         <load_address>0x1ccb</load_address>
         <run_address>0x1ccb</run_address>
         <size>0x1d2</size>
         <alignment>0x0</alignment>
         <input_file_ref idref="fl-4"/>
      </object_component>
      <object_component id="oc-41b">
         <name>.debug_info</name>
         <load_address>0x1e9d</load_address>
         <run_address>0x1e9d</run_address>
         <size>0x198</size>
         <alignment>0x0</alignment>
         <input_file_ref idref="fl-4"/>
      </object_component>
      <object_component id="oc-37e">
         <name>.debug_info</name>
         <load_address>0x2035</load_address>
         <run_address>0x2035</run_address>
         <size>0x1d6</size>
         <alignment>0x0</alignment>
         <input_file_ref idref="fl-4"/>
      </object_component>
      <object_component id="oc-38a">
         <name>.debug_info</name>
         <load_address>0x220b</load_address>
         <run_address>0x220b</run_address>
         <size>0x1dc</size>
         <alignment>0x0</alignment>
         <input_file_ref idref="fl-4"/>
      </object_component>
      <object_component id="oc-384">
         <name>.debug_info</name>
         <load_address>0x23e7</load_address>
         <run_address>0x23e7</run_address>
         <size>0x1cb</size>
         <alignment>0x0</alignment>
         <input_file_ref idref="fl-4"/>
      </object_component>
      <object_component id="oc-390">
         <name>.debug_info</name>
         <load_address>0x25b2</load_address>
         <run_address>0x25b2</run_address>
         <size>0x1ce</size>
         <alignment>0x0</alignment>
         <input_file_ref idref="fl-4"/>
      </object_component>
      <object_component id="oc-378">
         <name>.debug_info</name>
         <load_address>0x2780</load_address>
         <run_address>0x2780</run_address>
         <size>0x1cf</size>
         <alignment>0x0</alignment>
         <input_file_ref idref="fl-4"/>
      </object_component>
      <object_component id="oc-373">
         <name>.debug_info</name>
         <load_address>0x294f</load_address>
         <run_address>0x294f</run_address>
         <size>0x1e8</size>
         <alignment>0x0</alignment>
         <input_file_ref idref="fl-4"/>
      </object_component>
      <object_component id="oc-30d">
         <name>.debug_info</name>
         <load_address>0x2b37</load_address>
         <run_address>0x2b37</run_address>
         <size>0x1da</size>
         <alignment>0x0</alignment>
         <input_file_ref idref="fl-4"/>
      </object_component>
      <object_component id="oc-32c">
         <name>.debug_info</name>
         <load_address>0x2d11</load_address>
         <run_address>0x2d11</run_address>
         <size>0x1aa</size>
         <alignment>0x0</alignment>
         <input_file_ref idref="fl-4"/>
      </object_component>
      <object_component id="oc-331">
         <name>.debug_info</name>
         <load_address>0x2ebb</load_address>
         <run_address>0x2ebb</run_address>
         <size>0x1b0</size>
         <alignment>0x0</alignment>
         <input_file_ref idref="fl-4"/>
[...]
            <run_size>0x6</run_size>
            <compression>lzss</compression>
         </cprec>
         <cprec>
            <name>.scratchpad</name>
            <load_address>0x14c</load_address>
            <load_size>0x4</load_size>
            <run_address>0x8956</run_address>
            <run_size>0x2</run_size>
            <compression>zero_init</compression>
         </cprec>
      </cptbl>
   </cptbl_list>
   <handler_table>
      <handler_table_name>__TI_handler_table</handler_table_name>
      <handler>
         <index>0x0</index>
         <name>__TI_decompress_lzss</name>
      </handler>
      <handler>
         <index>0x1</index>
         <name>__TI_decompress_none</name>
      </handler>
      <handler>
         <index>0x2</index>
         <name>__TI_zero_init</name>
      </handler>
   </handler_table>
   <symbol_table>
      <symbol id="sm-1">
         <name>__TI_CINIT_Base</name>
         <value>0x150</value>
      </symbol>
      <symbol id="sm-2">
         <name>__TI_CINIT_Limit</name>
         <value>0x160</value>
      </symbol>
      <symbol id="sm-3">
         <name>__TI_CINIT_Warm</name>
         <value>0x160</value>
      </symbol>
      <symbol id="sm-4">
         <name>__TI_Handler_Table_Base</name>
         <value>0x146</value>
      </symbol>
      <symbol id="sm-5">
         <name>__TI_Handler_Table_Limit</name>
         <value>0x14c</value>
      </symbol>
      <symbol id="sm-6">
         <name>__TI_STACK_SIZE</name>
         <value>0x200</value>
      </symbol>
      <symbol id="sm-7">
         <name>__TI_STACK_END</name>
         <value>0x600</value>
      </symbol>
      <symbol id="sm-8">
         <name>__c_args__</name>
         <value>0xffffffff</value>
      </symbol>
      <symbol id="sm-9">
         <name>__TI_pprof_out_hndl</name>
         <value>0xffffffff</value>
      </symbol>
      <symbol id="sm-a">
         <name>__TI_prof_data_start</name>
         <value>0xffffffff</value>
      </symbol>
      <symbol id="sm-b">
         <name>__TI_prof_data_size</name>
         <value>0xffffffff</value>
      </symbol>
      <symbol id="sm-a3">
         <name>habilitaCalculo</name>
         <value>0x9c50</value>
         <object_component_ref idref="oc-c2"/>
      </symbol>
      <symbol id="sm-a4">
         <name>REF</name>
         <value>0x1504</value>
         <object_component_ref idref="oc-cb"/>
      </symbol>
      <symbol id="sm-a5">
         <name>vt_phi</name>
         <value>0x9c5a</value>
         <object_component_ref idref="oc-c2"/>
      </symbol>
      <symbol id="sm-a6">
         <name>Si</name>
         <value>0x9c5c</value>
         <object_component_ref idref="oc-22f"/>
      </symbol>
      <symbol id="sm-a7">
         <name>yr</name>
         <value>0x148c</value>
         <object_component_ref idref="oc-b8"/>
      </symbol>
      <symbol id="sm-a8">
         <name>INT_myCPUTIMER0_ISR</name>
         <value>0xfb47</value>
         <object_component_ref idref="oc-46"/>
      </symbol>
      <symbol id="sm-a9">
         <name>vt_theta</name>
         <value>0x9c58</value>
         <object_component_ref idref="oc-c2"/>
      </symbol>
      <symbol id="sm-aa">
         <name>cont</name>
         <value>0x9c51</value>
         <object_component_ref idref="oc-c2"/>
      </symbol>
      <symbol id="sm-ab">
         <name>vt</name>
         <value>0x9c78</value>
         <object_component_ref idref="oc-22c"/>
      </symbol>
      <symbol id="sm-ac">
         <name>vg</name>
         <value>0x1502</value>
         <object_component_ref idref="oc-8d"/>
      </symbol>
      <symbol id="sm-ad">
         <name>u</name>
         <value>0x1482</value>
         <object_component_ref idref="oc-b8"/>
      </symbol>
      <symbol id="sm-ae">
         <name>i</name>
         <value>0x1500</value>
         <object_component_ref idref="oc-8d"/>
      </symbol>
      <symbol id="sm-af">
         <name>e</name>
         <value>0x1486</value>
         <object_component_ref idref="oc-b8"/>
      </symbol>
      <symbol id="sm-b0">
         <name>S</name>
         <value>0x9c70</value>
         <object_component_ref idref="oc-232"/>
      </symbol>
      <symbol id="sm-b1">
         <name>theta</name>
         <value>0x1480</value>
         <object_component_ref idref="oc-b8"/>
      </symbol>
      <symbol id="sm-b2">
         <name>main</name>
         <value>0xf437</value>
         <object_component_ref idref="oc-1ea"/>
      </symbol>
      <symbol id="sm-b3">
         <name>cont2</name>
         <value>0x9c52</value>
         <object_component_ref idref="oc-c2"/>
      </symbol>
      <symbol id="sm-b4">
         <name>INT_SCI0_RX_ISR</name>
         <value>0xf79c</value>
         <object_component_ref idref="oc-34"/>
      </symbol>
      <symbol id="sm-b5">
         <name>il</name>
         <value>0x9c74</value>
         <object_component_ref idref="oc-235"/>
      </symbol>
      <symbol id="sm-b6">
         <name>vt_dTheta</name>
         <value>0x9c56</value>
         <object_component_ref idref="oc-c2"/>
      </symbol>
      <symbol id="sm-b7">
         <name>cla1Isr1</name>
         <value>0xfb11</value>
         <object_component_ref idref="oc-40"/>
      </symbol>
      <symbol id="sm-b8">
         <name>sref</name>
         <value>0x1492</value>
         <object_component_ref idref="oc-ce"/>
      </symbol>
      <symbol id="sm-b9">
         <name>vt_amplitude</name>
         <value>0x9c54</value>
         <object_component_ref idref="oc-c2"/>
      </symbol>
      <symbol id="sm-cb">
         <name>Cla1Task1</name>
         <value>0xa000</value>
         <object_component_ref idref="oc-4c"/>
      </symbol>
      <symbol id="sm-20f">
         <name>INTERRUPT_init</name>
         <value>0xfcf8</value>
         <object_component_ref idref="oc-3a"/>
      </symbol>
      <symbol id="sm-210">
         <name>PinMux_init</name>
         <value>0xfde6</value>
         <object_component_ref idref="oc-28d"/>
      </symbol>
      <symbol id="sm-211">
         <name>SCI0_init</name>
         <value>0xf8b9</value>
         <object_component_ref idref="oc-33e"/>
      </symbol>
      <symbol id="sm-212">
         <name>SCI_init</name>
         <value>0x10308</value>
         <object_component_ref idref="oc-2a5"/>
      </symbol>
      <symbol id="sm-213">
         <name>Board_init</name>
         <value>0x101f2</value>
         <object_component_ref idref="oc-226"/>
      </symbol>
      <symbol id="sm-214">
         <name>MEMCFG_init</name>
         <value>0xf209</value>
         <object_component_ref idref="oc-299"/>
      </symbol>
      <symbol id="sm-215">
         <name>CLA_init</name>
         <value>0xfffc</value>
         <object_component_ref idref="oc-293"/>
      </symbol>
      <symbol id="sm-216">
         <name>CPUTIMER_init</name>
         <value>0x10305</value>
         <object_component_ref idref="oc-29f"/>
      </symbol>
      <symbol id="sm-217">
         <name>myCLA0_init</name>
         <value>0x100b0</value>
         <object_component_ref idref="oc-52"/>
      </symbol>
      <symbol id="sm-218">
         <name>myCPUTIMER0_init</name>
         <value>0xfd41</value>
         <object_component_ref idref="oc-337"/>
      </symbol>
      <symbol id="sm-228">
         <name>code_start</name>
         <value>0x0</value>
         <object_component_ref idref="oc-2f"/>
      </symbol>
      <symbol id="sm-27c">
         <name>Device_enableAllPeripherals</name>
         <value>0xf34c</value>
         <object_component_ref idref="oc-282"/>
      </symbol>
      <symbol id="sm-27d">
         <name>Example_Fail</name>
         <value>0x9c68</value>
         <object_component_ref idref="oc-288"/>
      </symbol>
      <symbol id="sm-27e">
         <name>Device_init</name>
         <value>0xf93d</value>
         <object_component_ref idref="oc-21a"/>
      </symbol>
      <symbol id="sm-27f">
         <name>Example_Result</name>
         <value>0x9c64</value>
         <object_component_ref idref="oc-288"/>
      </symbol>
      <symbol id="sm-280">
         <name>__error__</name>
         <value>0x102f8</value>
         <object_component_ref idref="oc-119"/>
      </symbol>
      <symbol id="sm-281">
         <name>Device_configureTMXAnalogTrim</name>
         <value>0xfb7a</value>
         <object_component_ref idref="oc-25d"/>
      </symbol>
      <symbol id="sm-282">
         <name>Example_PassCount</name>
         <value>0x9c66</value>
         <object_component_ref idref="oc-288"/>
      </symbol>
      <symbol id="sm-29c">
         <name>protocolSendData</name>
         <value>0xfd65</value>
         <object_component_ref idref="oc-bb"/>
      </symbol>
      <symbol id="sm-29d">
         <name>protocolReceiveData</name>
         <value>0xfbab</value>
         <object_component_ref idref="oc-90"/>
      </symbol>
      <symbol id="sm-2ac">
         <name>CLA_setTriggerSource</name>
         <value>0xfc86</value>
         <object_component_ref idref="oc-d9"/>
      </symbol>
      <symbol id="sm-2c6">
         <name>CPUTimer_setEmulationMode</name>
         <value>0x1013d</value>
         <object_component_ref idref="oc-36b"/>
      </symbol>
      <symbol id="sm-2f6">
         <name>GPIO_setQualificationMode</name>
         <value>0xfaa3</value>
         <object_component_ref idref="oc-2fe"/>
      </symbol>
      <symbol id="sm-2f7">
         <name>GPIO_setPadConfig</name>
         <value>0xf6f9</value>
         <object_component_ref idref="oc-2f8"/>
      </symbol>
      <symbol id="sm-2f8">
         <name>GPIO_setPinConfig</name>
         <value>0xfa6c</value>
         <object_component_ref idref="oc-2f2"/>
      </symbol>
      <symbol id="sm-347">
         <name>Interrupt_defaultHandler</name>
         <value>0x10070</value>
         <object_component_ref idref="oc-58"/>
      </symbol>
      <symbol id="sm-348">
         <name>Interrupt_initModule</name>
         <value>0xf9bb</value>
         <object_component_ref idref="oc-220"/>
      </symbol>
      <symbol id="sm-349">
         <name>Interrupt_nmiHandler</name>
         <value>0x102aa</value>
         <object_component_ref idref="oc-6a"/>
      </symbol>
      <symbol id="sm-34a">
         <name>Interrupt_enable</name>
         <value>0xfada</value>
         <object_component_ref idref="oc-b0"/>
      </symbol>
      <symbol id="sm-34b">
         <name>Interrupt_initVectorTable</name>
         <value>0xfe05</value>
         <object_component_ref idref="oc-5e"/>
      </symbol>
      <symbol id="sm-34c">
         <name>Interrupt_illegalOperationHandler</name>
         <value>0x102a0</value>
         <object_component_ref idref="oc-64"/>
      </symbol>
      <symbol id="sm-377">
         <name>MemCfg_setGSRAMControllerSel</name>
         <value>0xfcac</value>
         <object_component_ref idref="oc-312"/>
      </symbol>
      <symbol id="sm-378">
         <name>MemCfg_setLSRAMControllerSel</name>
         <value>0xfa33</value>
         <object_component_ref idref="oc-306"/>
      </symbol>
      <symbol id="sm-379">
         <name>MemCfg_setProtection</name>
         <value>0xf57e</value>
         <object_component_ref idref="oc-324"/>
      </symbol>
      <symbol id="sm-418">
         <name>SCI_readCharArray</name>
         <value>0xf9f8</value>
         <object_component_ref idref="oc-10a"/>
      </symbol>
      <symbol id="sm-419">
         <name>SCI_clearInterruptStatus</name>
         <value>0xf830</value>
         <object_component_ref idref="oc-9c"/>
      </symbol>
      <symbol id="sm-41a">
         <name>SCI_writeCharArray</name>
         <value>0xf8fc</value>
         <object_component_ref idref="oc-146"/>
      </symbol>
      <symbol id="sm-41b">
         <name>SCI_setConfig</name>
         <value>0xf97d</value>
         <object_component_ref idref="oc-3ae"/>
      </symbol>
      <symbol id="sm-41c">
         <name>SCI_enableInterrupt</name>
         <value>0xf875</value>
         <object_component_ref idref="oc-3c0"/>
      </symbol>
      <symbol id="sm-4f5">
         <name>SysCtl_delay</name>
         <value>0x123</value>
         <object_component_ref idref="oc-2de"/>
      </symbol>
      <symbol id="sm-4f6">
         <name>SysCtl_getDeviceParametric</name>
         <value>0xf691</value>
         <object_component_ref idref="oc-257"/>
      </symbol>
      <symbol id="sm-4f7">
         <name>SysCtl_selectXTAL</name>
         <value>0xf4ee</value>
         <object_component_ref idref="oc-34d"/>
      </symbol>
      <symbol id="sm-4f8">
         <name>SysCtl_selectOscSource</name>
         <value>0xf7e8</value>
         <object_component_ref idref="oc-2d8"/>
      </symbol>
      <symbol id="sm-4f9">
         <name>SysCtl_getLowSpeedClock</name>
         <value>0xfede</value>
         <object_component_ref idref="oc-276"/>
      </symbol>
      <symbol id="sm-4fa">
         <name>SysCtl_setClock</name>
         <value>0xf000</value>
         <object_component_ref idref="oc-263"/>
      </symbol>
      <symbol id="sm-4fb">
         <name>SysCtl_getClock</name>
         <value>0xf74b</value>
         <object_component_ref idref="oc-26f"/>
      </symbol>
      <symbol id="sm-505">
         <name>_c_int00</name>
         <value>0x10017</value>
         <object_component_ref idref="oc-102"/>
      </symbol>
      <symbol id="sm-506">
         <name>__stack</name>
         <value>0x400</value>
         <object_component_ref idref="oc-70"/>
      </symbol>
      <symbol id="sm-513">
         <name>__c28xabi_divf</name>
         <value>0xf609</value>
         <object_component_ref idref="oc-2e5"/>
      </symbol>
      <symbol id="sm-521">
         <name>_system_pre_init</name>
         <value>0x1030b</value>
         <object_component_ref idref="oc-170"/>
      </symbol>
      <symbol id="sm-530">
         <name>__TI_auto_init_nobinit_nopinit</name>
         <value>0xfc0a</value>
         <object_component_ref idref="oc-1ba"/>
      </symbol>
      <symbol id="sm-53f">
         <name>__TI_zero_init_nomemset</name>
         <value>0x10272</value>
         <object_component_ref idref="oc-7b"/>
      </symbol>
      <symbol id="sm-54c">
         <name>__TI_decompress_none</name>
         <value>0x102e9</value>
         <object_component_ref idref="oc-28"/>
      </symbol>
      <symbol id="sm-560">
         <name>__TI_decompress_lzss</name>
         <value>0xfbdc</value>
         <object_component_ref idref="oc-22"/>
      </symbol>
      <symbol id="sm-576">
         <name>C$$EXIT</name>
         <value>0xfc35</value>
         <object_component_ref idref="oc-17d"/>
      </symbol>
      <symbol id="sm-577">
         <name>abort</name>
         <value>0xfc35</value>
         <object_component_ref idref="oc-17d"/>
      </symbol>
      <symbol id="sm-578">
         <name>exit</name>
         <value>0xfc37</value>
         <object_component_ref idref="oc-17d"/>
      </symbol>
      <symbol id="sm-579">
         <name>__TI_dtors_ptr</name>
         <value>0x9c6e</value>
         <object_component_ref idref="oc-1f2"/>
      </symbol>
      <symbol id="sm-57a">
         <name>__TI_cleanup_ptr</name>
         <value>0x9c6c</value>
         <object_component_ref idref="oc-1f2"/>
      </symbol>
      <symbol id="sm-57b">
         <name>__TI_enable_exit_profile_output</name>
         <value>0x9c6a</value>
         <object_component_ref idref="oc-1f2"/>
      </symbol>
      <symbol id="sm-592">
         <name>_nop</name>
         <value>0x102e0</value>
         <object_component_ref idref="oc-23e"/>
      </symbol>
      <symbol id="sm-593">
         <name>_lock</name>
         <value>0x9c7c</value>
         <object_component_ref idref="oc-1f5"/>
      </symbol>
      <symbol id="sm-594">
         <name>_unlock</name>
         <value>0x9c7e</value>
         <object_component_ref idref="oc-2b4"/>
      </symbol>
      <symbol id="sm-595">
         <name>_register_lock</name>
         <value>0x102dc</value>
         <object_component_ref idref="oc-23e"/>
      </symbol>
      <symbol id="sm-596">
         <name>_register_unlock</name>
         <value>0x102d8</value>
         <object_component_ref idref="oc-23e"/>
      </symbol>
      <symbol id="sm-5a5">
         <name>_args_main</name>
         <value>0x101ad</value>
         <object_component_ref idref="oc-177"/>
      </symbol>
      <symbol id="sm-5b9">
         <name>memcpy</name>
         <value>0xfda7</value>
         <object_component_ref idref="oc-73"/>
      </symbol>
      <symbol id="sm-5c6">
         <name>_system_post_cinit</name>
         <value>0xffff</value>
         <object_component_ref idref="oc-205"/>
      </symbol>
      <symbol id="sm-5d0">
         <name>CLAsin</name>
         <value>0xa0be</value>
         <object_component_ref idref="oc-c6"/>
      </symbol>
      <symbol id="sm-5d1">
         <name>__claCLAsin_sp</name>
         <value>0x8956</value>
         <object_component_ref idref="oc-14f"/>
      </symbol>
      <symbol id="sm-5d4">
         <name>CLAsincosTable_Cos0</name>
         <value>0x8840</value>
         <object_component_ref idref="oc-150"/>
      </symbol>
      <symbol id="sm-5d5">
         <name>CLAsincosTable_Coef3</name>
         <value>0x8952</value>
         <object_component_ref idref="oc-150"/>
      </symbol>
      <symbol id="sm-5d6">
         <name>CLAsincosTable_Coef2</name>
         <value>0x8950</value>
         <object_component_ref idref="oc-150"/>
      </symbol>
      <symbol id="sm-5d7">
         <name>CLAsincosTable_Coef1</name>
         <value>0x894c</value>
         <object_component_ref idref="oc-150"/>
      </symbol>
      <symbol id="sm-5d8">
         <name>CLAsincosTable_Coef0</name>
         <value>0x894a</value>
         <object_component_ref idref="oc-150"/>
      </symbol>
      <symbol id="sm-5d9">
         <name>CLAsincosTable_TABLE_SIZEDivTwoPi</name>
         <value>0x8944</value>
         <object_component_ref idref="oc-150"/>
      </symbol>
      <symbol id="sm-5da">
         <name>CLAcosTable</name>
         <value>0x8840</value>
         <object_component_ref idref="oc-150"/>
      </symbol>
      <symbol id="sm-5db">
         <name>CLAsincosTable_TABLE_MASK</name>
         <value>0x8948</value>
         <object_component_ref idref="oc-150"/>
      </symbol>
      <symbol id="sm-5dc">
         <name>CLAsincosTableEnd</name>
         <value>0x8956</value>
         <object_component_ref idref="oc-150"/>
      </symbol>
      <symbol id="sm-5dd">
         <name>CLAsincosTable_TwoPiDivTABLE_SIZE</name>
         <value>0x8946</value>
         <object_component_ref idref="oc-150"/>
      </symbol>
      <symbol id="sm-5de">
         <name>CLAsincosTable</name>
         <value>0x8800</value>
         <object_component_ref idref="oc-150"/>
      </symbol>
      <symbol id="sm-5df">
         <name>CLAcosTableEnd</name>
         <value>0x8942</value>
         <object_component_ref idref="oc-150"/>
      </symbol>
      <symbol id="sm-5e0">
         <name>CLAsincosTable_Coef1_pos</name>
         <value>0x894e</value>
         <object_component_ref idref="oc-150"/>
      </symbol>
      <symbol id="sm-5e1">
         <name>CLAsinTableEnd</name>
         <value>0x8900</value>
         <object_component_ref idref="oc-150"/>
      </symbol>
      <symbol id="sm-5e2">
         <name>CLAsinTable</name>
         <value>0x8800</value>
         <object_component_ref idref="oc-150"/>
      </symbol>
      <symbol id="sm-5e3">
         <name>CLAsincosTable_Coef3_neg</name>
         <value>0x8954</value>
         <object_component_ref idref="oc-150"/>
      </symbol>
      <symbol id="sm-5e4">
         <name>CLAsincosTable_TABLE_SIZE</name>
         <value>0x8942</value>
         <object_component_ref idref="oc-150"/>
      </symbol>
      <symbol id="sm-5e5">
         <name>CLAsincosTable_Sin0</name>
         <value>0x8800</value>
         <object_component_ref idref="oc-150"/>
      </symbol>
   </symbol_table>
   <title>Link successful</title>
</link_info>
